09:49:15 **** Build of configuration Release for project VehicleDoorHandle_ControlUnit ****
make all 
Building file: ../system/src/newlib/assert.c
Invoking: GNU Arm Cross C Compiler
arm-none-eabi-gcc -mcpu=cortex-m4 -mthumb -mfloat-abi=soft -O0 -fmessage-length=0 -fsigned-char -ffunction-sections -fdata-sections -ffreestanding -Wall -Wextra -g -DNDEBUG -DSTM32F401xE -DHSE_VALUE=8000000 -I"C:\Users\Anwar\Desktop\SBME 2024\YEAR 3 (2022-2023)\SEMESTER 2\Embedded Systems\Final Project\Code\VehicleDoorHandle_ControlUnit\Delay" -I"C:\Users\Anwar\Desktop\SBME 2024\YEAR 3 (2022-2023)\SEMESTER 2\Embedded Systems\Final Project\Code\VehicleDoorHandle_ControlUnit\Button" -I"C:\Users\Anwar\Desktop\SBME 2024\YEAR 3 (2022-2023)\SEMESTER 2\Embedded Systems\Final Project\Code\VehicleDoorHandle_ControlUnit\Led" -I"C:\Users\Anwar\Desktop\SBME 2024\YEAR 3 (2022-2023)\SEMESTER 2\Embedded Systems\Final Project\Code\VehicleDoorHandle_ControlUnit\Gpio" -I"C:\Users\Anwar\Desktop\SBME 2024\YEAR 3 (2022-2023)\SEMESTER 2\Embedded Systems\Final Project\Code\VehicleDoorHandle_ControlUnit\Lib" -I"C:\Users\Anwar\Desktop\SBME 2024\YEAR 3 (2022-2023)\SEMESTER 2\Embedded Systems\Final Project\Code\VehicleDoorHandle_ControlUnit\Rcc" -I"../include" -I"../system/include" -I"../system/include/cmsis" -std=gnu11 -MMD -MP -MF"system/src/newlib/assert.d" -MT"system/src/newlib/assert.o" -c -o "system/src/newlib/assert.o" "../system/src/newlib/assert.c"
Finished building: ../system/src/newlib/assert.c
 
Building file: ../system/src/newlib/cxx.cpp
Invoking: GNU Arm Cross C++ Compiler
arm-none-eabi-g++ -mcpu=cortex-m4 -mthumb -mfloat-abi=soft -O0 -fmessage-length=0 -fsigned-char -ffunction-sections -fdata-sections -ffreestanding -Wall -Wextra -g -DNDEBUG -DSTM32F401xE -DUSE_HAL_DRIVER -DHSE_VALUE=8000000 -I"../include" -I"../system/include" -I"../system/include/cmsis" -I"../system/include/stm32f4-hal" -std=gnu++11 -fabi-version=0 -fno-exceptions -fno-rtti -fno-use-cxa-atexit -fno-threadsafe-statics -MMD -MP -MF"system/src/newlib/cxx.d" -MT"system/src/newlib/cxx.o" -c -o "system/src/newlib/cxx.o" "../system/src/newlib/cxx.cpp"
Finished building: ../system/src/newlib/cxx.cpp
 
Building file: ../system/src/newlib/exit.c
Invoking: GNU Arm Cross C Compiler
arm-none-eabi-gcc -mcpu=cortex-m4 -mthumb -mfloat-abi=soft -O0 -fmessage-length=0 -fsigned-char -ffunction-sections -fdata-sections -ffreestanding -Wall -Wextra -g -DNDEBUG -DSTM32F401xE -DHSE_VALUE=8000000 -I"C:\Users\Anwar\Desktop\SBME 2024\YEAR 3 (2022-2023)\SEMESTER 2\Embedded Systems\Final Project\Code\VehicleDoorHandle_ControlUnit\Delay" -I"C:\Users\Anwar\Desktop\SBME 2024\YEAR 3 (2022-2023)\SEMESTER 2\Embedded Systems\Final Project\Code\VehicleDoorHandle_ControlUnit\Button" -I"C:\Users\Anwar\Desktop\SBME 2024\YEAR 3 (2022-2023)\SEMESTER 2\Embedded Systems\Final Project\Code\VehicleDoorHandle_ControlUnit\Led" -I"C:\Users\Anwar\Desktop\SBME 2024\YEAR 3 (2022-2023)\SEMESTER 2\Embedded Systems\Final Project\Code\VehicleDoorHandle_ControlUnit\Gpio" -I"C:\Users\Anwar\Desktop\SBME 2024\YEAR 3 (2022-2023)\SEMESTER 2\Embedded Systems\Final Project\Code\VehicleDoorHandle_ControlUnit\Lib" -I"C:\Users\Anwar\Desktop\SBME 2024\YEAR 3 (2022-2023)\SEMESTER 2\Embedded Systems\Final Project\Code\VehicleDoorHandle_ControlUnit\Rcc" -I"../include" -I"../system/include" -I"../system/include/cmsis" -std=gnu11 -MMD -MP -MF"system/src/newlib/exit.d" -MT"system/src/newlib/exit.o" -c -o "system/src/newlib/exit.o" "../system/src/newlib/exit.c"
Finished building: ../system/src/newlib/exit.c
 
Building file: ../system/src/newlib/sbrk.c
Invoking: GNU Arm Cross C Compiler
arm-none-eabi-gcc -mcpu=cortex-m4 -mthumb -mfloat-abi=soft -O0 -fmessage-length=0 -fsigned-char -ffunction-sections -fdata-sections -ffreestanding -Wall -Wextra -g -DNDEBUG -DSTM32F401xE -DHSE_VALUE=8000000 -I"C:\Users\Anwar\Desktop\SBME 2024\YEAR 3 (2022-2023)\SEMESTER 2\Embedded Systems\Final Project\Code\VehicleDoorHandle_ControlUnit\Delay" -I"C:\Users\Anwar\Desktop\SBME 2024\YEAR 3 (2022-2023)\SEMESTER 2\Embedded Systems\Final Project\Code\VehicleDoorHandle_ControlUnit\Button" -I"C:\Users\Anwar\Desktop\SBME 2024\YEAR 3 (2022-2023)\SEMESTER 2\Embedded Systems\Final Project\Code\VehicleDoorHandle_ControlUnit\Led" -I"C:\Users\Anwar\Desktop\SBME 2024\YEAR 3 (2022-2023)\SEMESTER 2\Embedded Systems\Final Project\Code\VehicleDoorHandle_ControlUnit\Gpio" -I"C:\Users\Anwar\Desktop\SBME 2024\YEAR 3 (2022-2023)\SEMESTER 2\Embedded Systems\Final Project\Code\VehicleDoorHandle_ControlUnit\Lib" -I"C:\Users\Anwar\Desktop\SBME 2024\YEAR 3 (2022-2023)\SEMESTER 2\Embedded Systems\Final Project\Code\VehicleDoorHandle_ControlUnit\Rcc" -I"../include" -I"../system/include" -I"../system/include/cmsis" -std=gnu11 -MMD -MP -MF"system/src/newlib/sbrk.d" -MT"system/src/newlib/sbrk.o" -c -o "system/src/newlib/sbrk.o" "../system/src/newlib/sbrk.c"
Finished building: ../system/src/newlib/sbrk.c
 
Building file: ../system/src/newlib/startup.c
Invoking: GNU Arm Cross C Compiler
arm-none-eabi-gcc -mcpu=cortex-m4 -mthumb -mfloat-abi=soft -O0 -fmessage-length=0 -fsigned-char -ffunction-sections -fdata-sections -ffreestanding -Wall -Wextra -g -DNDEBUG -DSTM32F401xE -DUSE_HAL_DRIVER -DHSE_VALUE=8000000 -DOS_INCLUDE_STARTUP_INIT_MULTIPLE_RAM_SECTIONS -I"C:\Users\Anwar\Desktop\SBME 2024\YEAR 3 (2022-2023)\SEMESTER 2\Embedded Systems\Final Project\Code\VehicleDoorHandle_ControlUnit\Delay" -I"C:\Users\Anwar\Desktop\SBME 2024\YEAR 3 (2022-2023)\SEMESTER 2\Embedded Systems\Final Project\Code\VehicleDoorHandle_ControlUnit\Button" -I"C:\Users\Anwar\Desktop\SBME 2024\YEAR 3 (2022-2023)\SEMESTER 2\Embedded Systems\Final Project\Code\VehicleDoorHandle_ControlUnit\Led" -I"C:\Users\Anwar\Desktop\SBME 2024\YEAR 3 (2022-2023)\SEMESTER 2\Embedded Systems\Final Project\Code\VehicleDoorHandle_ControlUnit\Gpio" -I"C:\Users\Anwar\Desktop\SBME 2024\YEAR 3 (2022-2023)\SEMESTER 2\Embedded Systems\Final Project\Code\VehicleDoorHandle_ControlUnit\Lib" -I"C:\Users\Anwar\Desktop\SBME 2024\YEAR 3 (2022-2023)\SEMESTER 2\Embedded Systems\Final Project\Code\VehicleDoorHandle_ControlUnit\Rcc" -I"../include" -I"../system/include" -I"../system/include/cmsis" -std=gnu11 -MMD -MP -MF"system/src/newlib/startup.d" -MT"system/src/newlib/startup.o" -c -o "system/src/newlib/startup.o" "../system/src/newlib/startup.c"
Finished building: ../system/src/newlib/startup.c
 
Building file: ../system/src/newlib/syscalls.c
Invoking: GNU Arm Cross C Compiler
arm-none-eabi-gcc -mcpu=cortex-m4 -mthumb -mfloat-abi=soft -O0 -fmessage-length=0 -fsigned-char -ffunction-sections -fdata-sections -ffreestanding -Wall -Wextra -g -DNDEBUG -DSTM32F401xE -DHSE_VALUE=8000000 -I"C:\Users\Anwar\Desktop\SBME 2024\YEAR 3 (2022-2023)\SEMESTER 2\Embedded Systems\Final Project\Code\VehicleDoorHandle_ControlUnit\Delay" -I"C:\Users\Anwar\Desktop\SBME 2024\YEAR 3 (2022-2023)\SEMESTER 2\Embedded Systems\Final Project\Code\VehicleDoorHandle_ControlUnit\Button" -I"C:\Users\Anwar\Desktop\SBME 2024\YEAR 3 (2022-2023)\SEMESTER 2\Embedded Systems\Final Project\Code\VehicleDoorHandle_ControlUnit\Led" -I"C:\Users\Anwar\Desktop\SBME 2024\YEAR 3 (2022-2023)\SEMESTER 2\Embedded Systems\Final Project\Code\VehicleDoorHandle_ControlUnit\Gpio" -I"C:\Users\Anwar\Desktop\SBME 2024\YEAR 3 (2022-2023)\SEMESTER 2\Embedded Systems\Final Project\Code\VehicleDoorHandle_ControlUnit\Lib" -I"C:\Users\Anwar\Desktop\SBME 2024\YEAR 3 (2022-2023)\SEMESTER 2\Embedded Systems\Final Project\Code\VehicleDoorHandle_ControlUnit\Rcc" -I"../include" -I"../system/include" -I"../system/include/cmsis" -std=gnu11 -MMD -MP -MF"system/src/newlib/syscalls.d" -MT"system/src/newlib/syscalls.o" -c -o "system/src/newlib/syscalls.o" "../system/src/newlib/syscalls.c"
Finished building: ../system/src/newlib/syscalls.c
 
Building file: ../system/src/diag/trace-impl.c
Invoking: GNU Arm Cross C Compiler
arm-none-eabi-gcc -mcpu=cortex-m4 -mthumb -mfloat-abi=soft -O0 -fmessage-length=0 -fsigned-char -ffunction-sections -fdata-sections -ffreestanding -Wall -Wextra -g -DNDEBUG -DSTM32F401xE -DHSE_VALUE=8000000 -I"C:\Users\Anwar\Desktop\SBME 2024\YEAR 3 (2022-2023)\SEMESTER 2\Embedded Systems\Final Project\Code\VehicleDoorHandle_ControlUnit\Delay" -I"C:\Users\Anwar\Desktop\SBME 2024\YEAR 3 (2022-2023)\SEMESTER 2\Embedded Systems\Final Project\Code\VehicleDoorHandle_ControlUnit\Button" -I"C:\Users\Anwar\Desktop\SBME 2024\YEAR 3 (2022-2023)\SEMESTER 2\Embedded Systems\Final Project\Code\VehicleDoorHandle_ControlUnit\Led" -I"C:\Users\Anwar\Desktop\SBME 2024\YEAR 3 (2022-2023)\SEMESTER 2\Embedded Systems\Final Project\Code\VehicleDoorHandle_ControlUnit\Gpio" -I"C:\Users\Anwar\Desktop\SBME 2024\YEAR 3 (2022-2023)\SEMESTER 2\Embedded Systems\Final Project\Code\VehicleDoorHandle_ControlUnit\Lib" -I"C:\Users\Anwar\Desktop\SBME 2024\YEAR 3 (2022-2023)\SEMESTER 2\Embedded Systems\Final Project\Code\VehicleDoorHandle_ControlUnit\Rcc" -I"../include" -I"../system/include" -I"../system/include/cmsis" -std=gnu11 -MMD -MP -MF"system/src/diag/trace-impl.d" -MT"system/src/diag/trace-impl.o" -c -o "system/src/diag/trace-impl.o" "../system/src/diag/trace-impl.c"
Finished building: ../system/src/diag/trace-impl.c
 
Building file: ../system/src/diag/trace.c
Invoking: GNU Arm Cross C Compiler
arm-none-eabi-gcc -mcpu=cortex-m4 -mthumb -mfloat-abi=soft -O0 -fmessage-length=0 -fsigned-char -ffunction-sections -fdata-sections -ffreestanding -Wall -Wextra -g -DNDEBUG -DSTM32F401xE -DHSE_VALUE=8000000 -I"C:\Users\Anwar\Desktop\SBME 2024\YEAR 3 (2022-2023)\SEMESTER 2\Embedded Systems\Final Project\Code\VehicleDoorHandle_ControlUnit\Delay" -I"C:\Users\Anwar\Desktop\SBME 2024\YEAR 3 (2022-2023)\SEMESTER 2\Embedded Systems\Final Project\Code\VehicleDoorHandle_ControlUnit\Button" -I"C:\Users\Anwar\Desktop\SBME 2024\YEAR 3 (2022-2023)\SEMESTER 2\Embedded Systems\Final Project\Code\VehicleDoorHandle_ControlUnit\Led" -I"C:\Users\Anwar\Desktop\SBME 2024\YEAR 3 (2022-2023)\SEMESTER 2\Embedded Systems\Final Project\Code\VehicleDoorHandle_ControlUnit\Gpio" -I"C:\Users\Anwar\Desktop\SBME 2024\YEAR 3 (2022-2023)\SEMESTER 2\Embedded Systems\Final Project\Code\VehicleDoorHandle_ControlUnit\Lib" -I"C:\Users\Anwar\Desktop\SBME 2024\YEAR 3 (2022-2023)\SEMESTER 2\Embedded Systems\Final Project\Code\VehicleDoorHandle_ControlUnit\Rcc" -I"../include" -I"../system/include" -I"../system/include/cmsis" -std=gnu11 -MMD -MP -MF"system/src/diag/trace.d" -MT"system/src/diag/trace.o" -c -o "system/src/diag/trace.o" "../system/src/diag/trace.c"
Finished building: ../system/src/diag/trace.c
 
Building file: ../system/src/cortexm/exception-handlers.c
Invoking: GNU Arm Cross C Compiler
arm-none-eabi-gcc -mcpu=cortex-m4 -mthumb -mfloat-abi=soft -O0 -fmessage-length=0 -fsigned-char -ffunction-sections -fdata-sections -ffreestanding -Wall -Wextra -g -DNDEBUG -DSTM32F401xE -DHSE_VALUE=8000000 -I"C:\Users\Anwar\Desktop\SBME 2024\YEAR 3 (2022-2023)\SEMESTER 2\Embedded Systems\Final Project\Code\VehicleDoorHandle_ControlUnit\Delay" -I"C:\Users\Anwar\Desktop\SBME 2024\YEAR 3 (2022-2023)\SEMESTER 2\Embedded Systems\Final Project\Code\VehicleDoorHandle_ControlUnit\Button" -I"C:\Users\Anwar\Desktop\SBME 2024\YEAR 3 (2022-2023)\SEMESTER 2\Embedded Systems\Final Project\Code\VehicleDoorHandle_ControlUnit\Led" -I"C:\Users\Anwar\Desktop\SBME 2024\YEAR 3 (2022-2023)\SEMESTER 2\Embedded Systems\Final Project\Code\VehicleDoorHandle_ControlUnit\Gpio" -I"C:\Users\Anwar\Desktop\SBME 2024\YEAR 3 (2022-2023)\SEMESTER 2\Embedded Systems\Final Project\Code\VehicleDoorHandle_ControlUnit\Lib" -I"C:\Users\Anwar\Desktop\SBME 2024\YEAR 3 (2022-2023)\SEMESTER 2\Embedded Systems\Final Project\Code\VehicleDoorHandle_ControlUnit\Rcc" -I"../include" -I"../system/include" -I"../system/include/cmsis" -std=gnu11 -MMD -MP -MF"system/src/cortexm/exception-handlers.d" -MT"system/src/cortexm/exception-handlers.o" -c -o "system/src/cortexm/exception-handlers.o" "../system/src/cortexm/exception-handlers.c"
Finished building: ../system/src/cortexm/exception-handlers.c
 
Building file: ../system/src/cortexm/initialize-hardware.c
Invoking: GNU Arm Cross C Compiler
arm-none-eabi-gcc -mcpu=cortex-m4 -mthumb -mfloat-abi=soft -O0 -fmessage-length=0 -fsigned-char -ffunction-sections -fdata-sections -ffreestanding -Wall -Wextra -g -DNDEBUG -DSTM32F401xE -DHSE_VALUE=8000000 -I"C:\Users\Anwar\Desktop\SBME 2024\YEAR 3 (2022-2023)\SEMESTER 2\Embedded Systems\Final Project\Code\VehicleDoorHandle_ControlUnit\Delay" -I"C:\Users\Anwar\Desktop\SBME 2024\YEAR 3 (2022-2023)\SEMESTER 2\Embedded Systems\Final Project\Code\VehicleDoorHandle_ControlUnit\Button" -I"C:\Users\Anwar\Desktop\SBME 2024\YEAR 3 (2022-2023)\SEMESTER 2\Embedded Systems\Final Project\Code\VehicleDoorHandle_ControlUnit\Led" -I"C:\Users\Anwar\Desktop\SBME 2024\YEAR 3 (2022-2023)\SEMESTER 2\Embedded Systems\Final Project\Code\VehicleDoorHandle_ControlUnit\Gpio" -I"C:\Users\Anwar\Desktop\SBME 2024\YEAR 3 (2022-2023)\SEMESTER 2\Embedded Systems\Final Project\Code\VehicleDoorHandle_ControlUnit\Lib" -I"C:\Users\Anwar\Desktop\SBME 2024\YEAR 3 (2022-2023)\SEMESTER 2\Embedded Systems\Final Project\Code\VehicleDoorHandle_ControlUnit\Rcc" -I"../include" -I"../system/include" -I"../system/include/cmsis" -std=gnu11 -MMD -MP -MF"system/src/cortexm/initialize-hardware.d" -MT"system/src/cortexm/initialize-hardware.o" -c -o "system/src/cortexm/initialize-hardware.o" "../system/src/cortexm/initialize-hardware.c"
Finished building: ../system/src/cortexm/initialize-hardware.c
 
Building file: ../system/src/cortexm/reset-hardware.c
Invoking: GNU Arm Cross C Compiler
arm-none-eabi-gcc -mcpu=cortex-m4 -mthumb -mfloat-abi=soft -O0 -fmessage-length=0 -fsigned-char -ffunction-sections -fdata-sections -ffreestanding -Wall -Wextra -g -DNDEBUG -DSTM32F401xE -DHSE_VALUE=8000000 -I"C:\Users\Anwar\Desktop\SBME 2024\YEAR 3 (2022-2023)\SEMESTER 2\Embedded Systems\Final Project\Code\VehicleDoorHandle_ControlUnit\Delay" -I"C:\Users\Anwar\Desktop\SBME 2024\YEAR 3 (2022-2023)\SEMESTER 2\Embedded Systems\Final Project\Code\VehicleDoorHandle_ControlUnit\Button" -I"C:\Users\Anwar\Desktop\SBME 2024\YEAR 3 (2022-2023)\SEMESTER 2\Embedded Systems\Final Project\Code\VehicleDoorHandle_ControlUnit\Led" -I"C:\Users\Anwar\Desktop\SBME 2024\YEAR 3 (2022-2023)\SEMESTER 2\Embedded Systems\Final Project\Code\VehicleDoorHandle_ControlUnit\Gpio" -I"C:\Users\Anwar\Desktop\SBME 2024\YEAR 3 (2022-2023)\SEMESTER 2\Embedded Systems\Final Project\Code\VehicleDoorHandle_ControlUnit\Lib" -I"C:\Users\Anwar\Desktop\SBME 2024\YEAR 3 (2022-2023)\SEMESTER 2\Embedded Systems\Final Project\Code\VehicleDoorHandle_ControlUnit\Rcc" -I"../include" -I"../system/include" -I"../system/include/cmsis" -std=gnu11 -MMD -MP -MF"system/src/cortexm/reset-hardware.d" -MT"system/src/cortexm/reset-hardware.o" -c -o "system/src/cortexm/reset-hardware.o" "../system/src/cortexm/reset-hardware.c"
Finished building: ../system/src/cortexm/reset-hardware.c
 
Building file: ../system/src/cmsis/system_stm32f4xx.c
Invoking: GNU Arm Cross C Compiler
arm-none-eabi-gcc -mcpu=cortex-m4 -mthumb -mfloat-abi=soft -O0 -fmessage-length=0 -fsigned-char -ffunction-sections -fdata-sections -ffreestanding -Wall -Wextra -g -DNDEBUG -DSTM32F401xE -DHSE_VALUE=8000000 -I"C:\Users\Anwar\Desktop\SBME 2024\YEAR 3 (2022-2023)\SEMESTER 2\Embedded Systems\Final Project\Code\VehicleDoorHandle_ControlUnit\Delay" -I"C:\Users\Anwar\Desktop\SBME 2024\YEAR 3 (2022-2023)\SEMESTER 2\Embedded Systems\Final Project\Code\VehicleDoorHandle_ControlUnit\Button" -I"C:\Users\Anwar\Desktop\SBME 2024\YEAR 3 (2022-2023)\SEMESTER 2\Embedded Systems\Final Project\Code\VehicleDoorHandle_ControlUnit\Led" -I"C:\Users\Anwar\Desktop\SBME 2024\YEAR 3 (2022-2023)\SEMESTER 2\Embedded Systems\Final Project\Code\VehicleDoorHandle_ControlUnit\Gpio" -I"C:\Users\Anwar\Desktop\SBME 2024\YEAR 3 (2022-2023)\SEMESTER 2\Embedded Systems\Final Project\Code\VehicleDoorHandle_ControlUnit\Lib" -I"C:\Users\Anwar\Desktop\SBME 2024\YEAR 3 (2022-2023)\SEMESTER 2\Embedded Systems\Final Project\Code\VehicleDoorHandle_ControlUnit\Rcc" -I"../include" -I"../system/include" -I"../system/include/cmsis" -std=gnu11 -Wno-padded -MMD -MP -MF"system/src/cmsis/system_stm32f4xx.d" -MT"system/src/cmsis/system_stm32f4xx.o" -c -o "system/src/cmsis/system_stm32f4xx.o" "../system/src/cmsis/system_stm32f4xx.c"
Finished building: ../system/src/cmsis/system_stm32f4xx.c
 
Building file: ../system/src/cmsis/vectors_stm32f401xe.c
Invoking: GNU Arm Cross C Compiler
arm-none-eabi-gcc -mcpu=cortex-m4 -mthumb -mfloat-abi=soft -O0 -fmessage-length=0 -fsigned-char -ffunction-sections -fdata-sections -ffreestanding -Wall -Wextra -g -DNDEBUG -DSTM32F401xE -DHSE_VALUE=8000000 -I"C:\Users\Anwar\Desktop\SBME 2024\YEAR 3 (2022-2023)\SEMESTER 2\Embedded Systems\Final Project\Code\VehicleDoorHandle_ControlUnit\Delay" -I"C:\Users\Anwar\Desktop\SBME 2024\YEAR 3 (2022-2023)\SEMESTER 2\Embedded Systems\Final Project\Code\VehicleDoorHandle_ControlUnit\Button" -I"C:\Users\Anwar\Desktop\SBME 2024\YEAR 3 (2022-2023)\SEMESTER 2\Embedded Systems\Final Project\Code\VehicleDoorHandle_ControlUnit\Led" -I"C:\Users\Anwar\Desktop\SBME 2024\YEAR 3 (2022-2023)\SEMESTER 2\Embedded Systems\Final Project\Code\VehicleDoorHandle_ControlUnit\Gpio" -I"C:\Users\Anwar\Desktop\SBME 2024\YEAR 3 (2022-2023)\SEMESTER 2\Embedded Systems\Final Project\Code\VehicleDoorHandle_ControlUnit\Lib" -I"C:\Users\Anwar\Desktop\SBME 2024\YEAR 3 (2022-2023)\SEMESTER 2\Embedded Systems\Final Project\Code\VehicleDoorHandle_ControlUnit\Rcc" -I"../include" -I"../system/include" -I"../system/include/cmsis" -std=gnu11 -MMD -MP -MF"system/src/cmsis/vectors_stm32f401xe.d" -MT"system/src/cmsis/vectors_stm32f401xe.o" -c -o "system/src/cmsis/vectors_stm32f401xe.o" "../system/src/cmsis/vectors_stm32f401xe.c"
Finished building: ../system/src/cmsis/vectors_stm32f401xe.c
 
Building file: ../src/main.c
Invoking: GNU Arm Cross C Compiler
arm-none-eabi-gcc -mcpu=cortex-m4 -mthumb -mfloat-abi=soft -O0 -fmessage-length=0 -fsigned-char -ffunction-sections -fdata-sections -ffreestanding -Wall -Wextra -g -DNDEBUG -DSTM32F401xE -DHSE_VALUE=8000000 -I"C:\Users\Anwar\Desktop\SBME 2024\YEAR 3 (2022-2023)\SEMESTER 2\Embedded Systems\Final Project\Code\VehicleDoorHandle_ControlUnit\Delay" -I"C:\Users\Anwar\Desktop\SBME 2024\YEAR 3 (2022-2023)\SEMESTER 2\Embedded Systems\Final Project\Code\VehicleDoorHandle_ControlUnit\Button" -I"C:\Users\Anwar\Desktop\SBME 2024\YEAR 3 (2022-2023)\SEMESTER 2\Embedded Systems\Final Project\Code\VehicleDoorHandle_ControlUnit\Led" -I"C:\Users\Anwar\Desktop\SBME 2024\YEAR 3 (2022-2023)\SEMESTER 2\Embedded Systems\Final Project\Code\VehicleDoorHandle_ControlUnit\Gpio" -I"C:\Users\Anwar\Desktop\SBME 2024\YEAR 3 (2022-2023)\SEMESTER 2\Embedded Systems\Final Project\Code\VehicleDoorHandle_ControlUnit\Lib" -I"C:\Users\Anwar\Desktop\SBME 2024\YEAR 3 (2022-2023)\SEMESTER 2\Embedded Systems\Final Project\Code\VehicleDoorHandle_ControlUnit\Rcc" -I"../include" -I"../system/include" -I"../system/include/cmsis" -std=gnu11 -MMD -MP -MF"src/main.d" -MT"src/main.o" -c -o "src/main.o" "../src/main.c"
../src/main.c: In function 'main':
../src/main.c:11:14: warning: unused parameter 'argc' [-Wunused-parameter]
   11 | int main(int argc, char **argv) {
      |          ~~~~^~~~
../src/main.c:11:27: warning: unused parameter 'argv' [-Wunused-parameter]
   11 | int main(int argc, char **argv) {
      |                    ~~~~~~~^~~~
Finished building: ../src/main.c
 
Building file: ../Rcc/Rcc.c
Invoking: GNU Arm Cross C Compiler
arm-none-eabi-gcc -mcpu=cortex-m4 -mthumb -mfloat-abi=soft -O0 -fmessage-length=0 -fsigned-char -ffunction-sections -fdata-sections -ffreestanding -Wall -Wextra -g -DNDEBUG -DSTM32F401xE -DHSE_VALUE=8000000 -I"C:\Users\Anwar\Desktop\SBME 2024\YEAR 3 (2022-2023)\SEMESTER 2\Embedded Systems\Final Project\Code\VehicleDoorHandle_ControlUnit\Delay" -I"C:\Users\Anwar\Desktop\SBME 2024\YEAR 3 (2022-2023)\SEMESTER 2\Embedded Systems\Final Project\Code\VehicleDoorHandle_ControlUnit\Button" -I"C:\Users\Anwar\Desktop\SBME 2024\YEAR 3 (2022-2023)\SEMESTER 2\Embedded Systems\Final Project\Code\VehicleDoorHandle_ControlUnit\Led" -I"C:\Users\Anwar\Desktop\SBME 2024\YEAR 3 (2022-2023)\SEMESTER 2\Embedded Systems\Final Project\Code\VehicleDoorHandle_ControlUnit\Gpio" -I"C:\Users\Anwar\Desktop\SBME 2024\YEAR 3 (2022-2023)\SEMESTER 2\Embedded Systems\Final Project\Code\VehicleDoorHandle_ControlUnit\Lib" -I"C:\Users\Anwar\Desktop\SBME 2024\YEAR 3 (2022-2023)\SEMESTER 2\Embedded Systems\Final Project\Code\VehicleDoorHandle_ControlUnit\Rcc" -I"../include" -I"../system/include" -I"../system/include/cmsis" -std=gnu11 -MMD -MP -MF"Rcc/Rcc.d" -MT"Rcc/Rcc.o" -c -o "Rcc/Rcc.o" "../Rcc/Rcc.c"
Finished building: ../Rcc/Rcc.c
 
Building file: ../Led/Led.c
Invoking: GNU Arm Cross C Compiler
arm-none-eabi-gcc -mcpu=cortex-m4 -mthumb -mfloat-abi=soft -O0 -fmessage-length=0 -fsigned-char -ffunction-sections -fdata-sections -ffreestanding -Wall -Wextra -g -DNDEBUG -DSTM32F401xE -DHSE_VALUE=8000000 -I"C:\Users\Anwar\Desktop\SBME 2024\YEAR 3 (2022-2023)\SEMESTER 2\Embedded Systems\Final Project\Code\VehicleDoorHandle_ControlUnit\Delay" -I"C:\Users\Anwar\Desktop\SBME 2024\YEAR 3 (2022-2023)\SEMESTER 2\Embedded Systems\Final Project\Code\VehicleDoorHandle_ControlUnit\Gpio" -I"C:\Users\Anwar\Desktop\SBME 2024\YEAR 3 (2022-2023)\SEMESTER 2\Embedded Systems\Final Project\Code\VehicleDoorHandle_ControlUnit\Lib" -I"C:\Users\Anwar\Desktop\SBME 2024\YEAR 3 (2022-2023)\SEMESTER 2\Embedded Systems\Final Project\Code\VehicleDoorHandle_ControlUnit\Rcc" -I"../include" -I"../system/include" -I"../system/include/cmsis" -std=gnu11 -MMD -MP -MF"Led/Led.d" -MT"Led/Led.o" -c -o "Led/Led.o" "../Led/Led.c"
Finished building: ../Led/Led.c
 
Building file: ../Gpio/Gpio.c
Invoking: GNU Arm Cross C Compiler
arm-none-eabi-gcc -mcpu=cortex-m4 -mthumb -mfloat-abi=soft -O0 -fmessage-length=0 -fsigned-char -ffunction-sections -fdata-sections -ffreestanding -Wall -Wextra -g -DNDEBUG -DSTM32F401xE -DHSE_VALUE=8000000 -I"C:\Users\Anwar\Desktop\SBME 2024\YEAR 3 (2022-2023)\SEMESTER 2\Embedded Systems\Final Project\Code\VehicleDoorHandle_ControlUnit\Delay" -I"C:\Users\Anwar\Desktop\SBME 2024\YEAR 3 (2022-2023)\SEMESTER 2\Embedded Systems\Final Project\Code\VehicleDoorHandle_ControlUnit\Button" -I"C:\Users\Anwar\Desktop\SBME 2024\YEAR 3 (2022-2023)\SEMESTER 2\Embedded Systems\Final Project\Code\VehicleDoorHandle_ControlUnit\Led" -I"C:\Users\Anwar\Desktop\SBME 2024\YEAR 3 (2022-2023)\SEMESTER 2\Embedded Systems\Final Project\Code\VehicleDoorHandle_ControlUnit\Gpio" -I"C:\Users\Anwar\Desktop\SBME 2024\YEAR 3 (2022-2023)\SEMESTER 2\Embedded Systems\Final Project\Code\VehicleDoorHandle_ControlUnit\Lib" -I"C:\Users\Anwar\Desktop\SBME 2024\YEAR 3 (2022-2023)\SEMESTER 2\Embedded Systems\Final Project\Code\VehicleDoorHandle_ControlUnit\Rcc" -I"../include" -I"../system/include" -I"../system/include/cmsis" -std=gnu11 -MMD -MP -MF"Gpio/Gpio.d" -MT"Gpio/Gpio.o" -c -o "Gpio/Gpio.o" "../Gpio/Gpio.c"
Finished building: ../Gpio/Gpio.c
 
Building file: ../Delay/Delay.c
Invoking: GNU Arm Cross C Compiler
arm-none-eabi-gcc -mcpu=cortex-m4 -mthumb -mfloat-abi=soft -O0 -fmessage-length=0 -fsigned-char -ffunction-sections -fdata-sections -ffreestanding -Wall -Wextra -g -DNDEBUG -DSTM32F401xE -DHSE_VALUE=8000000 -I"C:\Users\Anwar\Desktop\SBME 2024\YEAR 3 (2022-2023)\SEMESTER 2\Embedded Systems\Final Project\Code\VehicleDoorHandle_ControlUnit\Delay" -I"C:\Users\Anwar\Desktop\SBME 2024\YEAR 3 (2022-2023)\SEMESTER 2\Embedded Systems\Final Project\Code\VehicleDoorHandle_ControlUnit\Button" -I"C:\Users\Anwar\Desktop\SBME 2024\YEAR 3 (2022-2023)\SEMESTER 2\Embedded Systems\Final Project\Code\VehicleDoorHandle_ControlUnit\Led" -I"C:\Users\Anwar\Desktop\SBME 2024\YEAR 3 (2022-2023)\SEMESTER 2\Embedded Systems\Final Project\Code\VehicleDoorHandle_ControlUnit\Gpio" -I"C:\Users\Anwar\Desktop\SBME 2024\YEAR 3 (2022-2023)\SEMESTER 2\Embedded Systems\Final Project\Code\VehicleDoorHandle_ControlUnit\Lib" -I"C:\Users\Anwar\Desktop\SBME 2024\YEAR 3 (2022-2023)\SEMESTER 2\Embedded Systems\Final Project\Code\VehicleDoorHandle_ControlUnit\Rcc" -I"../include" -I"../system/include" -I"../system/include/cmsis" -std=gnu11 -MMD -MP -MF"Delay/Delay.d" -MT"Delay/Delay.o" -c -o "Delay/Delay.o" "../Delay/Delay.c"
Finished building: ../Delay/Delay.c
 
Building file: ../Button/Button.c
Invoking: GNU Arm Cross C Compiler
arm-none-eabi-gcc -mcpu=cortex-m4 -mthumb -mfloat-abi=soft -O0 -fmessage-length=0 -fsigned-char -ffunction-sections -fdata-sections -ffreestanding -Wall -Wextra -g -DNDEBUG -DSTM32F401xE -DHSE_VALUE=8000000 -I"C:\Users\Anwar\Desktop\SBME 2024\YEAR 3 (2022-2023)\SEMESTER 2\Embedded Systems\Final Project\Code\VehicleDoorHandle_ControlUnit\Delay" -I"C:\Users\Anwar\Desktop\SBME 2024\YEAR 3 (2022-2023)\SEMESTER 2\Embedded Systems\Final Project\Code\VehicleDoorHandle_ControlUnit\Button" -I"C:\Users\Anwar\Desktop\SBME 2024\YEAR 3 (2022-2023)\SEMESTER 2\Embedded Systems\Final Project\Code\VehicleDoorHandle_ControlUnit\Led" -I"C:\Users\Anwar\Desktop\SBME 2024\YEAR 3 (2022-2023)\SEMESTER 2\Embedded Systems\Final Project\Code\VehicleDoorHandle_ControlUnit\Gpio" -I"C:\Users\Anwar\Desktop\SBME 2024\YEAR 3 (2022-2023)\SEMESTER 2\Embedded Systems\Final Project\Code\VehicleDoorHandle_ControlUnit\Lib" -I"C:\Users\Anwar\Desktop\SBME 2024\YEAR 3 (2022-2023)\SEMESTER 2\Embedded Systems\Final Project\Code\VehicleDoorHandle_ControlUnit\Rcc" -I"../include" -I"../system/include" -I"../system/include/cmsis" -std=gnu11 -MMD -MP -MF"Button/Button.d" -MT"Button/Button.o" -c -o "Button/Button.o" "../Button/Button.c"
../Button/Button.c: In function 'BUTTON_ReadState':
../Button/Button.c:16:6: warning: implicit declaration of function 'GPIO_ReadPinState'; did you mean 'GPIO_ReadPinSate'? [-Wimplicit-function-declaration]
   16 |  if (GPIO_ReadPinState(portName, pinNum)== BUTTON_PRESSED ) {
      |      ^~~~~~~~~~~~~~~~~
      |      GPIO_ReadPinSate
Finished building: ../Button/Button.c
 
Building target: VehicleDoorHandle_ControlUnit.elf
Invoking: GNU Arm Cross C++ Linker
arm-none-eabi-g++ -mcpu=cortex-m4 -mthumb -mfloat-abi=soft -O0 -fmessage-length=0 -fsigned-char -ffunction-sections -fdata-sections -ffreestanding -Wall -Wextra -g -T mem.ld -T libs.ld -T sections.ld -nostartfiles -Xlinker --gc-sections -L"../ldscripts" -Wl,-Map,"VehicleDoorHandle_ControlUnit.map" --specs=nano.specs -o "VehicleDoorHandle_ControlUnit.elf" ./system/src/newlib/assert.o ./system/src/newlib/cxx.o ./system/src/newlib/exit.o ./system/src/newlib/sbrk.o ./system/src/newlib/startup.o ./system/src/newlib/syscalls.o  ./system/src/diag/trace-impl.o ./system/src/diag/trace.o  ./system/src/cortexm/exception-handlers.o ./system/src/cortexm/initialize-hardware.o ./system/src/cortexm/reset-hardware.o  ./system/src/cmsis/system_stm32f4xx.o ./system/src/cmsis/vectors_stm32f401xe.o  ./src/main.o  ./Rcc/Rcc.o  ./Led/Led.o  ./Gpio/Gpio.o  ./Delay/Delay.o  ./Button/Button.o   
Finished building target: VehicleDoorHandle_ControlUnit.elf
 
Invoking: GNU Arm Cross Create Flash Image
arm-none-eabi-objcopy -O ihex "VehicleDoorHandle_ControlUnit.elf"  "VehicleDoorHandle_ControlUnit.hex"
Finished building: VehicleDoorHandle_ControlUnit.hex
 
Invoking: GNU Arm Cross Print Size
arm-none-eabi-size --format=berkeley "VehicleDoorHandle_ControlUnit.elf"
   text	   data	    bss	    dec	    hex	filename
   3438	     68	    260	   3766	    eb6	VehicleDoorHandle_ControlUnit.elf
Finished building: VehicleDoorHandle_ControlUnit.siz
 
09:49:31 **** Incremental Build of configuration Release for project VehicleDoorHandle_ControlUnit ****
make all 
Building file: ../src/main.c
Invoking: GNU Arm Cross C Compiler
arm-none-eabi-gcc -mcpu=cortex-m4 -mthumb -mfloat-abi=soft -O0 -fmessage-length=0 -fsigned-char -ffunction-sections -fdata-sections -ffreestanding -Wall -Wextra -g -DNDEBUG -DSTM32F401xE -DHSE_VALUE=8000000 -I"C:\Users\Anwar\Desktop\SBME 2024\YEAR 3 (2022-2023)\SEMESTER 2\Embedded Systems\Final Project\Code\VehicleDoorHandle_ControlUnit\Delay" -I"C:\Users\Anwar\Desktop\SBME 2024\YEAR 3 (2022-2023)\SEMESTER 2\Embedded Systems\Final Project\Code\VehicleDoorHandle_ControlUnit\Button" -I"C:\Users\Anwar\Desktop\SBME 2024\YEAR 3 (2022-2023)\SEMESTER 2\Embedded Systems\Final Project\Code\VehicleDoorHandle_ControlUnit\Led" -I"C:\Users\Anwar\Desktop\SBME 2024\YEAR 3 (2022-2023)\SEMESTER 2\Embedded Systems\Final Project\Code\VehicleDoorHandle_ControlUnit\Gpio" -I"C:\Users\Anwar\Desktop\SBME 2024\YEAR 3 (2022-2023)\SEMESTER 2\Embedded Systems\Final Project\Code\VehicleDoorHandle_ControlUnit\Lib" -I"C:\Users\Anwar\Desktop\SBME 2024\YEAR 3 (2022-2023)\SEMESTER 2\Embedded Systems\Final Project\Code\VehicleDoorHandle_ControlUnit\Rcc" -I"../include" -I"../system/include" -I"../system/include/cmsis" -std=gnu11 -MMD -MP -MF"src/main.d" -MT"src/main.o" -c -o "src/main.o" "../src/main.c"
../src/main.c: In function 'main':
../src/main.c:11:14: warning: unused parameter 'argc' [-Wunused-parameter]
   11 | int main(int argc, char **argv) {
      |          ~~~~^~~~
../src/main.c:11:27: warning: unused parameter 'argv' [-Wunused-parameter]
   11 | int main(int argc, char **argv) {
      |                    ~~~~~~~^~~~
Finished building: ../src/main.c
 
Building target: VehicleDoorHandle_ControlUnit.elf
Invoking: GNU Arm Cross C++ Linker
arm-none-eabi-g++ -mcpu=cortex-m4 -mthumb -mfloat-abi=soft -O0 -fmessage-length=0 -fsigned-char -ffunction-sections -fdata-sections -ffreestanding -Wall -Wextra -g -T mem.ld -T libs.ld -T sections.ld -nostartfiles -Xlinker --gc-sections -L"../ldscripts" -Wl,-Map,"VehicleDoorHandle_ControlUnit.map" --specs=nano.specs -o "VehicleDoorHandle_ControlUnit.elf" ./system/src/newlib/assert.o ./system/src/newlib/cxx.o ./system/src/newlib/exit.o ./system/src/newlib/sbrk.o ./system/src/newlib/startup.o ./system/src/newlib/syscalls.o  ./system/src/diag/trace-impl.o ./system/src/diag/trace.o  ./system/src/cortexm/exception-handlers.o ./system/src/cortexm/initialize-hardware.o ./system/src/cortexm/reset-hardware.o  ./system/src/cmsis/system_stm32f4xx.o ./system/src/cmsis/vectors_stm32f401xe.o  ./src/main.o  ./Rcc/Rcc.o  ./Led/Led.o  ./Gpio/Gpio.o  ./Delay/Delay.o  ./Button/Button.o   
Finished building target: VehicleDoorHandle_ControlUnit.elf
 
Invoking: GNU Arm Cross Create Flash Image
arm-none-eabi-objcopy -O ihex "VehicleDoorHandle_ControlUnit.elf"  "VehicleDoorHandle_ControlUnit.hex"
Finished building: VehicleDoorHandle_ControlUnit.hex
 
Invoking: GNU Arm Cross Print Size
arm-none-eabi-size --format=berkeley "VehicleDoorHandle_ControlUnit.elf"
   text	   data	    bss	    dec	    hex	filename
   3438	     68	    260	   3766	    eb6	VehicleDoorHandle_ControlUnit.elf
Finished building: VehicleDoorHandle_ControlUnit.siz
 
09:49:38 **** Incremental Build of configuration Release for project VehicleDoorHandle_ControlUnit ****
make all 
Invoking: GNU Arm Cross Print Size
arm-none-eabi-size --format=berkeley "VehicleDoorHandle_ControlUnit.elf"
   text	   data	    bss	    dec	    hex	filename
   3438	     68	    260	   3766	    eb6	VehicleDoorHandle_ControlUnit.elf
Finished building: VehicleDoorHandle_ControlUnit.siz
 
09:53:20 **** Incremental Build of configuration Release for project VehicleDoorHandle_ControlUnit ****
make all 
Building file: ../src/main.c
Invoking: GNU Arm Cross C Compiler
arm-none-eabi-gcc -mcpu=cortex-m4 -mthumb -mfloat-abi=soft -O0 -fmessage-length=0 -fsigned-char -ffunction-sections -fdata-sections -ffreestanding -Wall -Wextra -g -DNDEBUG -DSTM32F401xE -DHSE_VALUE=8000000 -I"C:\Users\Anwar\Desktop\SBME 2024\YEAR 3 (2022-2023)\SEMESTER 2\Embedded Systems\Final Project\Code\VehicleDoorHandle_ControlUnit\Delay" -I"C:\Users\Anwar\Desktop\SBME 2024\YEAR 3 (2022-2023)\SEMESTER 2\Embedded Systems\Final Project\Code\VehicleDoorHandle_ControlUnit\Button" -I"C:\Users\Anwar\Desktop\SBME 2024\YEAR 3 (2022-2023)\SEMESTER 2\Embedded Systems\Final Project\Code\VehicleDoorHandle_ControlUnit\Led" -I"C:\Users\Anwar\Desktop\SBME 2024\YEAR 3 (2022-2023)\SEMESTER 2\Embedded Systems\Final Project\Code\VehicleDoorHandle_ControlUnit\Gpio" -I"C:\Users\Anwar\Desktop\SBME 2024\YEAR 3 (2022-2023)\SEMESTER 2\Embedded Systems\Final Project\Code\VehicleDoorHandle_ControlUnit\Lib" -I"C:\Users\Anwar\Desktop\SBME 2024\YEAR 3 (2022-2023)\SEMESTER 2\Embedded Systems\Final Project\Code\VehicleDoorHandle_ControlUnit\Rcc" -I"../include" -I"../system/include" -I"../system/include/cmsis" -std=gnu11 -MMD -MP -MF"src/main.d" -MT"src/main.o" -c -o "src/main.o" "../src/main.c"
../src/main.c: In function 'main':
../src/main.c:11:14: warning: unused parameter 'argc' [-Wunused-parameter]
   11 | int main(int argc, char **argv) {
      |          ~~~~^~~~
../src/main.c:11:27: warning: unused parameter 'argv' [-Wunused-parameter]
   11 | int main(int argc, char **argv) {
      |                    ~~~~~~~^~~~
Finished building: ../src/main.c
 
Building target: VehicleDoorHandle_ControlUnit.elf
Invoking: GNU Arm Cross C++ Linker
arm-none-eabi-g++ -mcpu=cortex-m4 -mthumb -mfloat-abi=soft -O0 -fmessage-length=0 -fsigned-char -ffunction-sections -fdata-sections -ffreestanding -Wall -Wextra -g -T mem.ld -T libs.ld -T sections.ld -nostartfiles -Xlinker --gc-sections -L"../ldscripts" -Wl,-Map,"VehicleDoorHandle_ControlUnit.map" --specs=nano.specs -o "VehicleDoorHandle_ControlUnit.elf" ./system/src/newlib/assert.o ./system/src/newlib/cxx.o ./system/src/newlib/exit.o ./system/src/newlib/sbrk.o ./system/src/newlib/startup.o ./system/src/newlib/syscalls.o  ./system/src/diag/trace-impl.o ./system/src/diag/trace.o  ./system/src/cortexm/exception-handlers.o ./system/src/cortexm/initialize-hardware.o ./system/src/cortexm/reset-hardware.o  ./system/src/cmsis/system_stm32f4xx.o ./system/src/cmsis/vectors_stm32f401xe.o  ./src/main.o  ./Rcc/Rcc.o  ./Led/Led.o  ./Gpio/Gpio.o  ./Delay/Delay.o  ./Button/Button.o   
Finished building target: VehicleDoorHandle_ControlUnit.elf
 
Invoking: GNU Arm Cross Create Flash Image
arm-none-eabi-objcopy -O ihex "VehicleDoorHandle_ControlUnit.elf"  "VehicleDoorHandle_ControlUnit.hex"
Finished building: VehicleDoorHandle_ControlUnit.hex
 
Invoking: GNU Arm Cross Print Size
arm-none-eabi-size --format=berkeley "VehicleDoorHandle_ControlUnit.elf"
   text	   data	    bss	    dec	    hex	filename
   3434	     68	    260	   3762	    eb2	VehicleDoorHandle_ControlUnit.elf
Finished building: VehicleDoorHandle_ControlUnit.siz
 
09:53:38 **** Incremental Build of configuration Release for project VehicleDoorHandle_ControlUnit ****
make all 
Building file: ../src/main.c
Invoking: GNU Arm Cross C Compiler
arm-none-eabi-gcc -mcpu=cortex-m4 -mthumb -mfloat-abi=soft -O0 -fmessage-length=0 -fsigned-char -ffunction-sections -fdata-sections -ffreestanding -Wall -Wextra -g -DNDEBUG -DSTM32F401xE -DHSE_VALUE=8000000 -I"C:\Users\Anwar\Desktop\SBME 2024\YEAR 3 (2022-2023)\SEMESTER 2\Embedded Systems\Final Project\Code\VehicleDoorHandle_ControlUnit\Delay" -I"C:\Users\Anwar\Desktop\SBME 2024\YEAR 3 (2022-2023)\SEMESTER 2\Embedded Systems\Final Project\Code\VehicleDoorHandle_ControlUnit\Button" -I"C:\Users\Anwar\Desktop\SBME 2024\YEAR 3 (2022-2023)\SEMESTER 2\Embedded Systems\Final Project\Code\VehicleDoorHandle_ControlUnit\Led" -I"C:\Users\Anwar\Desktop\SBME 2024\YEAR 3 (2022-2023)\SEMESTER 2\Embedded Systems\Final Project\Code\VehicleDoorHandle_ControlUnit\Gpio" -I"C:\Users\Anwar\Desktop\SBME 2024\YEAR 3 (2022-2023)\SEMESTER 2\Embedded Systems\Final Project\Code\VehicleDoorHandle_ControlUnit\Lib" -I"C:\Users\Anwar\Desktop\SBME 2024\YEAR 3 (2022-2023)\SEMESTER 2\Embedded Systems\Final Project\Code\VehicleDoorHandle_ControlUnit\Rcc" -I"../include" -I"../system/include" -I"../system/include/cmsis" -std=gnu11 -MMD -MP -MF"src/main.d" -MT"src/main.o" -c -o "src/main.o" "../src/main.c"
../src/main.c: In function 'main':
../src/main.c:11:14: warning: unused parameter 'argc' [-Wunused-parameter]
   11 | int main(int argc, char **argv) {
      |          ~~~~^~~~
../src/main.c:11:27: warning: unused parameter 'argv' [-Wunused-parameter]
   11 | int main(int argc, char **argv) {
      |                    ~~~~~~~^~~~
Finished building: ../src/main.c
 
Building target: VehicleDoorHandle_ControlUnit.elf
Invoking: GNU Arm Cross C++ Linker
arm-none-eabi-g++ -mcpu=cortex-m4 -mthumb -mfloat-abi=soft -O0 -fmessage-length=0 -fsigned-char -ffunction-sections -fdata-sections -ffreestanding -Wall -Wextra -g -T mem.ld -T libs.ld -T sections.ld -nostartfiles -Xlinker --gc-sections -L"../ldscripts" -Wl,-Map,"VehicleDoorHandle_ControlUnit.map" --specs=nano.specs -o "VehicleDoorHandle_ControlUnit.elf" ./system/src/newlib/assert.o ./system/src/newlib/cxx.o ./system/src/newlib/exit.o ./system/src/newlib/sbrk.o ./system/src/newlib/startup.o ./system/src/newlib/syscalls.o  ./system/src/diag/trace-impl.o ./system/src/diag/trace.o  ./system/src/cortexm/exception-handlers.o ./system/src/cortexm/initialize-hardware.o ./system/src/cortexm/reset-hardware.o  ./system/src/cmsis/system_stm32f4xx.o ./system/src/cmsis/vectors_stm32f401xe.o  ./src/main.o  ./Rcc/Rcc.o  ./Led/Led.o  ./Gpio/Gpio.o  ./Delay/Delay.o  ./Button/Button.o   
Finished building target: VehicleDoorHandle_ControlUnit.elf
 
Invoking: GNU Arm Cross Create Flash Image
arm-none-eabi-objcopy -O ihex "VehicleDoorHandle_ControlUnit.elf"  "VehicleDoorHandle_ControlUnit.hex"
Finished building: VehicleDoorHandle_ControlUnit.hex
 
Invoking: GNU Arm Cross Print Size
arm-none-eabi-size --format=berkeley "VehicleDoorHandle_ControlUnit.elf"
   text	   data	    bss	    dec	    hex	filename
   3446	     68	    260	   3774	    ebe	VehicleDoorHandle_ControlUnit.elf
Finished building: VehicleDoorHandle_ControlUnit.siz
 
09:53:50 **** Incremental Build of configuration Release for project VehicleDoorHandle_ControlUnit ****
make all 
Invoking: GNU Arm Cross Print Size
arm-none-eabi-size --format=berkeley "VehicleDoorHandle_ControlUnit.elf"
   text	   data	    bss	    dec	    hex	filename
   3446	     68	    260	   3774	    ebe	VehicleDoorHandle_ControlUnit.elf
Finished building: VehicleDoorHandle_ControlUnit.siz
 
09:54:55 **** Incremental Build of configuration Release for project VehicleDoorHandle_ControlUnit ****
make all 
Building file: ../src/main.c
Invoking: GNU Arm Cross C Compiler
arm-none-eabi-gcc -mcpu=cortex-m4 -mthumb -mfloat-abi=soft -O0 -fmessage-length=0 -fsigned-char -ffunction-sections -fdata-sections -ffreestanding -Wall -Wextra -g -DNDEBUG -DSTM32F401xE -DHSE_VALUE=8000000 -I"C:\Users\Anwar\Desktop\SBME 2024\YEAR 3 (2022-2023)\SEMESTER 2\Embedded Systems\Final Project\Code\VehicleDoorHandle_ControlUnit\Delay" -I"C:\Users\Anwar\Desktop\SBME 2024\YEAR 3 (2022-2023)\SEMESTER 2\Embedded Systems\Final Project\Code\VehicleDoorHandle_ControlUnit\Button" -I"C:\Users\Anwar\Desktop\SBME 2024\YEAR 3 (2022-2023)\SEMESTER 2\Embedded Systems\Final Project\Code\VehicleDoorHandle_ControlUnit\Led" -I"C:\Users\Anwar\Desktop\SBME 2024\YEAR 3 (2022-2023)\SEMESTER 2\Embedded Systems\Final Project\Code\VehicleDoorHandle_ControlUnit\Gpio" -I"C:\Users\Anwar\Desktop\SBME 2024\YEAR 3 (2022-2023)\SEMESTER 2\Embedded Systems\Final Project\Code\VehicleDoorHandle_ControlUnit\Lib" -I"C:\Users\Anwar\Desktop\SBME 2024\YEAR 3 (2022-2023)\SEMESTER 2\Embedded Systems\Final Project\Code\VehicleDoorHandle_ControlUnit\Rcc" -I"../include" -I"../system/include" -I"../system/include/cmsis" -std=gnu11 -MMD -MP -MF"src/main.d" -MT"src/main.o" -c -o "src/main.o" "../src/main.c"
../src/main.c: In function 'main':
../src/main.c:12:14: warning: unused parameter 'argc' [-Wunused-parameter]
   12 | int main(int argc, char **argv) {
      |          ~~~~^~~~
../src/main.c:12:27: warning: unused parameter 'argv' [-Wunused-parameter]
   12 | int main(int argc, char **argv) {
      |                    ~~~~~~~^~~~
Finished building: ../src/main.c
 
Building target: VehicleDoorHandle_ControlUnit.elf
Invoking: GNU Arm Cross C++ Linker
arm-none-eabi-g++ -mcpu=cortex-m4 -mthumb -mfloat-abi=soft -O0 -fmessage-length=0 -fsigned-char -ffunction-sections -fdata-sections -ffreestanding -Wall -Wextra -g -T mem.ld -T libs.ld -T sections.ld -nostartfiles -Xlinker --gc-sections -L"../ldscripts" -Wl,-Map,"VehicleDoorHandle_ControlUnit.map" --specs=nano.specs -o "VehicleDoorHandle_ControlUnit.elf" ./system/src/newlib/assert.o ./system/src/newlib/cxx.o ./system/src/newlib/exit.o ./system/src/newlib/sbrk.o ./system/src/newlib/startup.o ./system/src/newlib/syscalls.o  ./system/src/diag/trace-impl.o ./system/src/diag/trace.o  ./system/src/cortexm/exception-handlers.o ./system/src/cortexm/initialize-hardware.o ./system/src/cortexm/reset-hardware.o  ./system/src/cmsis/system_stm32f4xx.o ./system/src/cmsis/vectors_stm32f401xe.o  ./src/main.o  ./Rcc/Rcc.o  ./Led/Led.o  ./Gpio/Gpio.o  ./Delay/Delay.o  ./Button/Button.o   
Finished building target: VehicleDoorHandle_ControlUnit.elf
 
Invoking: GNU Arm Cross Create Flash Image
arm-none-eabi-objcopy -O ihex "VehicleDoorHandle_ControlUnit.elf"  "VehicleDoorHandle_ControlUnit.hex"
Finished building: VehicleDoorHandle_ControlUnit.hex
 
Invoking: GNU Arm Cross Print Size
arm-none-eabi-size --format=berkeley "VehicleDoorHandle_ControlUnit.elf"
   text	   data	    bss	    dec	    hex	filename
   3654	     68	    260	   3982	    f8e	VehicleDoorHandle_ControlUnit.elf
Finished building: VehicleDoorHandle_ControlUnit.siz
 
09:55:09 **** Incremental Build of configuration Release for project VehicleDoorHandle_ControlUnit ****
make all 
Invoking: GNU Arm Cross Print Size
arm-none-eabi-size --format=berkeley "VehicleDoorHandle_ControlUnit.elf"
   text	   data	    bss	    dec	    hex	filename
   3654	     68	    260	   3982	    f8e	VehicleDoorHandle_ControlUnit.elf
Finished building: VehicleDoorHandle_ControlUnit.siz
 
09:56:00 **** Incremental Build of configuration Release for project VehicleDoorHandle_ControlUnit ****
make all 
Building file: ../src/main.c
Invoking: GNU Arm Cross C Compiler
arm-none-eabi-gcc -mcpu=cortex-m4 -mthumb -mfloat-abi=soft -O0 -fmessage-length=0 -fsigned-char -ffunction-sections -fdata-sections -ffreestanding -Wall -Wextra -g -DNDEBUG -DSTM32F401xE -DHSE_VALUE=8000000 -I"C:\Users\Anwar\Desktop\SBME 2024\YEAR 3 (2022-2023)\SEMESTER 2\Embedded Systems\Final Project\Code\VehicleDoorHandle_ControlUnit\Delay" -I"C:\Users\Anwar\Desktop\SBME 2024\YEAR 3 (2022-2023)\SEMESTER 2\Embedded Systems\Final Project\Code\VehicleDoorHandle_ControlUnit\Button" -I"C:\Users\Anwar\Desktop\SBME 2024\YEAR 3 (2022-2023)\SEMESTER 2\Embedded Systems\Final Project\Code\VehicleDoorHandle_ControlUnit\Led" -I"C:\Users\Anwar\Desktop\SBME 2024\YEAR 3 (2022-2023)\SEMESTER 2\Embedded Systems\Final Project\Code\VehicleDoorHandle_ControlUnit\Gpio" -I"C:\Users\Anwar\Desktop\SBME 2024\YEAR 3 (2022-2023)\SEMESTER 2\Embedded Systems\Final Project\Code\VehicleDoorHandle_ControlUnit\Lib" -I"C:\Users\Anwar\Desktop\SBME 2024\YEAR 3 (2022-2023)\SEMESTER 2\Embedded Systems\Final Project\Code\VehicleDoorHandle_ControlUnit\Rcc" -I"../include" -I"../system/include" -I"../system/include/cmsis" -std=gnu11 -MMD -MP -MF"src/main.d" -MT"src/main.o" -c -o "src/main.o" "../src/main.c"
../src/main.c: In function 'main':
../src/main.c:12:14: warning: unused parameter 'argc' [-Wunused-parameter]
   12 | int main(int argc, char **argv) {
      |          ~~~~^~~~
../src/main.c:12:27: warning: unused parameter 'argv' [-Wunused-parameter]
   12 | int main(int argc, char **argv) {
      |                    ~~~~~~~^~~~
Finished building: ../src/main.c
 
Building target: VehicleDoorHandle_ControlUnit.elf
Invoking: GNU Arm Cross C++ Linker
arm-none-eabi-g++ -mcpu=cortex-m4 -mthumb -mfloat-abi=soft -O0 -fmessage-length=0 -fsigned-char -ffunction-sections -fdata-sections -ffreestanding -Wall -Wextra -g -T mem.ld -T libs.ld -T sections.ld -nostartfiles -Xlinker --gc-sections -L"../ldscripts" -Wl,-Map,"VehicleDoorHandle_ControlUnit.map" --specs=nano.specs -o "VehicleDoorHandle_ControlUnit.elf" ./system/src/newlib/assert.o ./system/src/newlib/cxx.o ./system/src/newlib/exit.o ./system/src/newlib/sbrk.o ./system/src/newlib/startup.o ./system/src/newlib/syscalls.o  ./system/src/diag/trace-impl.o ./system/src/diag/trace.o  ./system/src/cortexm/exception-handlers.o ./system/src/cortexm/initialize-hardware.o ./system/src/cortexm/reset-hardware.o  ./system/src/cmsis/system_stm32f4xx.o ./system/src/cmsis/vectors_stm32f401xe.o  ./src/main.o  ./Rcc/Rcc.o  ./Led/Led.o  ./Gpio/Gpio.o  ./Delay/Delay.o  ./Button/Button.o   
Finished building target: VehicleDoorHandle_ControlUnit.elf
 
Invoking: GNU Arm Cross Create Flash Image
arm-none-eabi-objcopy -O ihex "VehicleDoorHandle_ControlUnit.elf"  "VehicleDoorHandle_ControlUnit.hex"
Finished building: VehicleDoorHandle_ControlUnit.hex
 
Invoking: GNU Arm Cross Print Size
arm-none-eabi-size --format=berkeley "VehicleDoorHandle_ControlUnit.elf"
   text	   data	    bss	    dec	    hex	filename
   3586	     68	    260	   3914	    f4a	VehicleDoorHandle_ControlUnit.elf
Finished building: VehicleDoorHandle_ControlUnit.siz
 
09:56:17 **** Incremental Build of configuration Release for project VehicleDoorHandle_ControlUnit ****
make all 
Building file: ../src/main.c
Invoking: GNU Arm Cross C Compiler
arm-none-eabi-gcc -mcpu=cortex-m4 -mthumb -mfloat-abi=soft -O0 -fmessage-length=0 -fsigned-char -ffunction-sections -fdata-sections -ffreestanding -Wall -Wextra -g -DNDEBUG -DSTM32F401xE -DHSE_VALUE=8000000 -I"C:\Users\Anwar\Desktop\SBME 2024\YEAR 3 (2022-2023)\SEMESTER 2\Embedded Systems\Final Project\Code\VehicleDoorHandle_ControlUnit\Delay" -I"C:\Users\Anwar\Desktop\SBME 2024\YEAR 3 (2022-2023)\SEMESTER 2\Embedded Systems\Final Project\Code\VehicleDoorHandle_ControlUnit\Button" -I"C:\Users\Anwar\Desktop\SBME 2024\YEAR 3 (2022-2023)\SEMESTER 2\Embedded Systems\Final Project\Code\VehicleDoorHandle_ControlUnit\Led" -I"C:\Users\Anwar\Desktop\SBME 2024\YEAR 3 (2022-2023)\SEMESTER 2\Embedded Systems\Final Project\Code\VehicleDoorHandle_ControlUnit\Gpio" -I"C:\Users\Anwar\Desktop\SBME 2024\YEAR 3 (2022-2023)\SEMESTER 2\Embedded Systems\Final Project\Code\VehicleDoorHandle_ControlUnit\Lib" -I"C:\Users\Anwar\Desktop\SBME 2024\YEAR 3 (2022-2023)\SEMESTER 2\Embedded Systems\Final Project\Code\VehicleDoorHandle_ControlUnit\Rcc" -I"../include" -I"../system/include" -I"../system/include/cmsis" -std=gnu11 -MMD -MP -MF"src/main.d" -MT"src/main.o" -c -o "src/main.o" "../src/main.c"
../src/main.c: In function 'main':
../src/main.c:12:14: warning: unused parameter 'argc' [-Wunused-parameter]
   12 | int main(int argc, char **argv) {
      |          ~~~~^~~~
../src/main.c:12:27: warning: unused parameter 'argv' [-Wunused-parameter]
   12 | int main(int argc, char **argv) {
      |                    ~~~~~~~^~~~
Finished building: ../src/main.c
 
Building target: VehicleDoorHandle_ControlUnit.elf
Invoking: GNU Arm Cross C++ Linker
arm-none-eabi-g++ -mcpu=cortex-m4 -mthumb -mfloat-abi=soft -O0 -fmessage-length=0 -fsigned-char -ffunction-sections -fdata-sections -ffreestanding -Wall -Wextra -g -T mem.ld -T libs.ld -T sections.ld -nostartfiles -Xlinker --gc-sections -L"../ldscripts" -Wl,-Map,"VehicleDoorHandle_ControlUnit.map" --specs=nano.specs -o "VehicleDoorHandle_ControlUnit.elf" ./system/src/newlib/assert.o ./system/src/newlib/cxx.o ./system/src/newlib/exit.o ./system/src/newlib/sbrk.o ./system/src/newlib/startup.o ./system/src/newlib/syscalls.o  ./system/src/diag/trace-impl.o ./system/src/diag/trace.o  ./system/src/cortexm/exception-handlers.o ./system/src/cortexm/initialize-hardware.o ./system/src/cortexm/reset-hardware.o  ./system/src/cmsis/system_stm32f4xx.o ./system/src/cmsis/vectors_stm32f401xe.o  ./src/main.o  ./Rcc/Rcc.o  ./Led/Led.o  ./Gpio/Gpio.o  ./Delay/Delay.o  ./Button/Button.o   
Finished building target: VehicleDoorHandle_ControlUnit.elf
 
Invoking: GNU Arm Cross Create Flash Image
arm-none-eabi-objcopy -O ihex "VehicleDoorHandle_ControlUnit.elf"  "VehicleDoorHandle_ControlUnit.hex"
Finished building: VehicleDoorHandle_ControlUnit.hex
 
Invoking: GNU Arm Cross Print Size
arm-none-eabi-size --format=berkeley "VehicleDoorHandle_ControlUnit.elf"
   text	   data	    bss	    dec	    hex	filename
   3586	     68	    260	   3914	    f4a	VehicleDoorHandle_ControlUnit.elf
Finished building: VehicleDoorHandle_ControlUnit.siz
 
09:57:08 **** Incremental Build of configuration Release for project VehicleDoorHandle_ControlUnit ****
make all 
Building file: ../Led/Led.c
Invoking: GNU Arm Cross C Compiler
arm-none-eabi-gcc -mcpu=cortex-m4 -mthumb -mfloat-abi=soft -O0 -fmessage-length=0 -fsigned-char -ffunction-sections -fdata-sections -ffreestanding -Wall -Wextra -g -DNDEBUG -DSTM32F401xE -DHSE_VALUE=8000000 -I"C:\Users\Anwar\Desktop\SBME 2024\YEAR 3 (2022-2023)\SEMESTER 2\Embedded Systems\Final Project\Code\VehicleDoorHandle_ControlUnit\Delay" -I"C:\Users\Anwar\Desktop\SBME 2024\YEAR 3 (2022-2023)\SEMESTER 2\Embedded Systems\Final Project\Code\VehicleDoorHandle_ControlUnit\Gpio" -I"C:\Users\Anwar\Desktop\SBME 2024\YEAR 3 (2022-2023)\SEMESTER 2\Embedded Systems\Final Project\Code\VehicleDoorHandle_ControlUnit\Lib" -I"C:\Users\Anwar\Desktop\SBME 2024\YEAR 3 (2022-2023)\SEMESTER 2\Embedded Systems\Final Project\Code\VehicleDoorHandle_ControlUnit\Rcc" -I"../include" -I"../system/include" -I"../system/include/cmsis" -std=gnu11 -MMD -MP -MF"Led/Led.d" -MT"Led/Led.o" -c -o "Led/Led.o" "../Led/Led.c"
Finished building: ../Led/Led.c
 
Building target: VehicleDoorHandle_ControlUnit.elf
Invoking: GNU Arm Cross C++ Linker
arm-none-eabi-g++ -mcpu=cortex-m4 -mthumb -mfloat-abi=soft -O0 -fmessage-length=0 -fsigned-char -ffunction-sections -fdata-sections -ffreestanding -Wall -Wextra -g -T mem.ld -T libs.ld -T sections.ld -nostartfiles -Xlinker --gc-sections -L"../ldscripts" -Wl,-Map,"VehicleDoorHandle_ControlUnit.map" --specs=nano.specs -o "VehicleDoorHandle_ControlUnit.elf" ./system/src/newlib/assert.o ./system/src/newlib/cxx.o ./system/src/newlib/exit.o ./system/src/newlib/sbrk.o ./system/src/newlib/startup.o ./system/src/newlib/syscalls.o  ./system/src/diag/trace-impl.o ./system/src/diag/trace.o  ./system/src/cortexm/exception-handlers.o ./system/src/cortexm/initialize-hardware.o ./system/src/cortexm/reset-hardware.o  ./system/src/cmsis/system_stm32f4xx.o ./system/src/cmsis/vectors_stm32f401xe.o  ./src/main.o  ./Rcc/Rcc.o  ./Led/Led.o  ./Gpio/Gpio.o  ./Delay/Delay.o  ./Button/Button.o   
Finished building target: VehicleDoorHandle_ControlUnit.elf
 
Invoking: GNU Arm Cross Create Flash Image
arm-none-eabi-objcopy -O ihex "VehicleDoorHandle_ControlUnit.elf"  "VehicleDoorHandle_ControlUnit.hex"
Finished building: VehicleDoorHandle_ControlUnit.hex
 
Invoking: GNU Arm Cross Print Size
arm-none-eabi-size --format=berkeley "VehicleDoorHandle_ControlUnit.elf"
   text	   data	    bss	    dec	    hex	filename
   3586	     68	    260	   3914	    f4a	VehicleDoorHandle_ControlUnit.elf
Finished building: VehicleDoorHandle_ControlUnit.siz
 
21:59:23 **** Build of configuration Release for project VehicleDoorHandle_ControlUnit ****
make all 
Building file: ../src/main.c
Invoking: GNU Arm Cross C Compiler
arm-none-eabi-gcc -mcpu=cortex-m4 -mthumb -mfloat-abi=soft -O0 -fmessage-length=0 -fsigned-char -ffunction-sections -fdata-sections -ffreestanding -Wall -Wextra -g -DNDEBUG -DSTM32F401xE -DHSE_VALUE=8000000 -I"C:\Users\Anwar\Desktop\SBME 2024\YEAR 3 (2022-2023)\SEMESTER 2\Embedded Systems\Final Project\Code\VehicleDoorHandle_ControlUnit\Delay" -I"C:\Users\Anwar\Desktop\SBME 2024\YEAR 3 (2022-2023)\SEMESTER 2\Embedded Systems\Final Project\Code\VehicleDoorHandle_ControlUnit\Button" -I"C:\Users\Anwar\Desktop\SBME 2024\YEAR 3 (2022-2023)\SEMESTER 2\Embedded Systems\Final Project\Code\VehicleDoorHandle_ControlUnit\Led" -I"C:\Users\Anwar\Desktop\SBME 2024\YEAR 3 (2022-2023)\SEMESTER 2\Embedded Systems\Final Project\Code\VehicleDoorHandle_ControlUnit\Gpio" -I"C:\Users\Anwar\Desktop\SBME 2024\YEAR 3 (2022-2023)\SEMESTER 2\Embedded Systems\Final Project\Code\VehicleDoorHandle_ControlUnit\Lib" -I"C:\Users\Anwar\Desktop\SBME 2024\YEAR 3 (2022-2023)\SEMESTER 2\Embedded Systems\Final Project\Code\VehicleDoorHandle_ControlUnit\Rcc" -I"../include" -I"../system/include" -I"../system/include/cmsis" -std=gnu11 -MMD -MP -MF"src/main.d" -MT"src/main.o" -c -o "src/main.o" "../src/main.c"
../src/main.c: In function 'main':
../src/main.c:12:14: warning: unused parameter 'argc' [-Wunused-parameter]
   12 | int main(int argc, char **argv) {
      |          ~~~~^~~~
../src/main.c:12:27: warning: unused parameter 'argv' [-Wunused-parameter]
   12 | int main(int argc, char **argv) {
      |                    ~~~~~~~^~~~
Finished building: ../src/main.c
 
Building target: VehicleDoorHandle_ControlUnit.elf
Invoking: GNU Arm Cross C++ Linker
arm-none-eabi-g++ -mcpu=cortex-m4 -mthumb -mfloat-abi=soft -O0 -fmessage-length=0 -fsigned-char -ffunction-sections -fdata-sections -ffreestanding -Wall -Wextra -g -T mem.ld -T libs.ld -T sections.ld -nostartfiles -Xlinker --gc-sections -L"../ldscripts" -Wl,-Map,"VehicleDoorHandle_ControlUnit.map" --specs=nano.specs -o "VehicleDoorHandle_ControlUnit.elf" ./system/src/newlib/assert.o ./system/src/newlib/cxx.o ./system/src/newlib/exit.o ./system/src/newlib/sbrk.o ./system/src/newlib/startup.o ./system/src/newlib/syscalls.o  ./system/src/diag/trace-impl.o ./system/src/diag/trace.o  ./system/src/cortexm/exception-handlers.o ./system/src/cortexm/initialize-hardware.o ./system/src/cortexm/reset-hardware.o  ./system/src/cmsis/system_stm32f4xx.o ./system/src/cmsis/vectors_stm32f401xe.o  ./src/main.o  ./Rcc/Rcc.o  ./Led/Led.o  ./Gpio/Gpio.o  ./Delay/Delay.o  ./Button/Button.o   
Finished building target: VehicleDoorHandle_ControlUnit.elf
 
Invoking: GNU Arm Cross Create Flash Image
arm-none-eabi-objcopy -O ihex "VehicleDoorHandle_ControlUnit.elf"  "VehicleDoorHandle_ControlUnit.hex"
Finished building: VehicleDoorHandle_ControlUnit.hex
 
Invoking: GNU Arm Cross Print Size
arm-none-eabi-size --format=berkeley "VehicleDoorHandle_ControlUnit.elf"
   text	   data	    bss	    dec	    hex	filename
   3586	     68	    260	   3914	    f4a	VehicleDoorHandle_ControlUnit.elf
Finished building: VehicleDoorHandle_ControlUnit.siz
 
22:03:39 **** Incremental Build of configuration Release for project VehicleDoorHandle_ControlUnit ****
make all 
Building file: ../src/main.c
Invoking: GNU Arm Cross C Compiler
arm-none-eabi-gcc -mcpu=cortex-m4 -mthumb -mfloat-abi=soft -O0 -fmessage-length=0 -fsigned-char -ffunction-sections -fdata-sections -ffreestanding -Wall -Wextra -g -DNDEBUG -DSTM32F401xE -DHSE_VALUE=8000000 -I"C:\Users\Anwar\Desktop\SBME 2024\YEAR 3 (2022-2023)\SEMESTER 2\Embedded Systems\Final Project\Code\VehicleDoorHandle_ControlUnit\Delay" -I"C:\Users\Anwar\Desktop\SBME 2024\YEAR 3 (2022-2023)\SEMESTER 2\Embedded Systems\Final Project\Code\VehicleDoorHandle_ControlUnit\Button" -I"C:\Users\Anwar\Desktop\SBME 2024\YEAR 3 (2022-2023)\SEMESTER 2\Embedded Systems\Final Project\Code\VehicleDoorHandle_ControlUnit\Led" -I"C:\Users\Anwar\Desktop\SBME 2024\YEAR 3 (2022-2023)\SEMESTER 2\Embedded Systems\Final Project\Code\VehicleDoorHandle_ControlUnit\Gpio" -I"C:\Users\Anwar\Desktop\SBME 2024\YEAR 3 (2022-2023)\SEMESTER 2\Embedded Systems\Final Project\Code\VehicleDoorHandle_ControlUnit\Lib" -I"C:\Users\Anwar\Desktop\SBME 2024\YEAR 3 (2022-2023)\SEMESTER 2\Embedded Systems\Final Project\Code\VehicleDoorHandle_ControlUnit\Rcc" -I"../include" -I"../system/include" -I"../system/include/cmsis" -std=gnu11 -MMD -MP -MF"src/main.d" -MT"src/main.o" -c -o "src/main.o" "../src/main.c"
../src/main.c: In function 'main':
../src/main.c:12:14: warning: unused parameter 'argc' [-Wunused-parameter]
   12 | int main(int argc, char **argv) {
      |          ~~~~^~~~
../src/main.c:12:27: warning: unused parameter 'argv' [-Wunused-parameter]
   12 | int main(int argc, char **argv) {
      |                    ~~~~~~~^~~~
Finished building: ../src/main.c
 
Building file: ../Led/Led.c
Invoking: GNU Arm Cross C Compiler
arm-none-eabi-gcc -mcpu=cortex-m4 -mthumb -mfloat-abi=soft -O0 -fmessage-length=0 -fsigned-char -ffunction-sections -fdata-sections -ffreestanding -Wall -Wextra -g -DNDEBUG -DSTM32F401xE -DHSE_VALUE=8000000 -I"C:\Users\Anwar\Desktop\SBME 2024\YEAR 3 (2022-2023)\SEMESTER 2\Embedded Systems\Final Project\Code\VehicleDoorHandle_ControlUnit\Delay" -I"C:\Users\Anwar\Desktop\SBME 2024\YEAR 3 (2022-2023)\SEMESTER 2\Embedded Systems\Final Project\Code\VehicleDoorHandle_ControlUnit\Gpio" -I"C:\Users\Anwar\Desktop\SBME 2024\YEAR 3 (2022-2023)\SEMESTER 2\Embedded Systems\Final Project\Code\VehicleDoorHandle_ControlUnit\Lib" -I"C:\Users\Anwar\Desktop\SBME 2024\YEAR 3 (2022-2023)\SEMESTER 2\Embedded Systems\Final Project\Code\VehicleDoorHandle_ControlUnit\Rcc" -I"../include" -I"../system/include" -I"../system/include/cmsis" -std=gnu11 -MMD -MP -MF"Led/Led.d" -MT"Led/Led.o" -c -o "Led/Led.o" "../Led/Led.c"
Finished building: ../Led/Led.c
 
Building file: ../Gpio/Gpio.c
Invoking: GNU Arm Cross C Compiler
arm-none-eabi-gcc -mcpu=cortex-m4 -mthumb -mfloat-abi=soft -O0 -fmessage-length=0 -fsigned-char -ffunction-sections -fdata-sections -ffreestanding -Wall -Wextra -g -DNDEBUG -DSTM32F401xE -DHSE_VALUE=8000000 -I"C:\Users\Anwar\Desktop\SBME 2024\YEAR 3 (2022-2023)\SEMESTER 2\Embedded Systems\Final Project\Code\VehicleDoorHandle_ControlUnit\Delay" -I"C:\Users\Anwar\Desktop\SBME 2024\YEAR 3 (2022-2023)\SEMESTER 2\Embedded Systems\Final Project\Code\VehicleDoorHandle_ControlUnit\Button" -I"C:\Users\Anwar\Desktop\SBME 2024\YEAR 3 (2022-2023)\SEMESTER 2\Embedded Systems\Final Project\Code\VehicleDoorHandle_ControlUnit\Led" -I"C:\Users\Anwar\Desktop\SBME 2024\YEAR 3 (2022-2023)\SEMESTER 2\Embedded Systems\Final Project\Code\VehicleDoorHandle_ControlUnit\Gpio" -I"C:\Users\Anwar\Desktop\SBME 2024\YEAR 3 (2022-2023)\SEMESTER 2\Embedded Systems\Final Project\Code\VehicleDoorHandle_ControlUnit\Lib" -I"C:\Users\Anwar\Desktop\SBME 2024\YEAR 3 (2022-2023)\SEMESTER 2\Embedded Systems\Final Project\Code\VehicleDoorHandle_ControlUnit\Rcc" -I"../include" -I"../system/include" -I"../system/include/cmsis" -std=gnu11 -MMD -MP -MF"Gpio/Gpio.d" -MT"Gpio/Gpio.o" -c -o "Gpio/Gpio.o" "../Gpio/Gpio.c"
Finished building: ../Gpio/Gpio.c
 
Building file: ../Button/Button.c
Invoking: GNU Arm Cross C Compiler
arm-none-eabi-gcc -mcpu=cortex-m4 -mthumb -mfloat-abi=soft -O0 -fmessage-length=0 -fsigned-char -ffunction-sections -fdata-sections -ffreestanding -Wall -Wextra -g -DNDEBUG -DSTM32F401xE -DHSE_VALUE=8000000 -I"C:\Users\Anwar\Desktop\SBME 2024\YEAR 3 (2022-2023)\SEMESTER 2\Embedded Systems\Final Project\Code\VehicleDoorHandle_ControlUnit\Delay" -I"C:\Users\Anwar\Desktop\SBME 2024\YEAR 3 (2022-2023)\SEMESTER 2\Embedded Systems\Final Project\Code\VehicleDoorHandle_ControlUnit\Button" -I"C:\Users\Anwar\Desktop\SBME 2024\YEAR 3 (2022-2023)\SEMESTER 2\Embedded Systems\Final Project\Code\VehicleDoorHandle_ControlUnit\Led" -I"C:\Users\Anwar\Desktop\SBME 2024\YEAR 3 (2022-2023)\SEMESTER 2\Embedded Systems\Final Project\Code\VehicleDoorHandle_ControlUnit\Gpio" -I"C:\Users\Anwar\Desktop\SBME 2024\YEAR 3 (2022-2023)\SEMESTER 2\Embedded Systems\Final Project\Code\VehicleDoorHandle_ControlUnit\Lib" -I"C:\Users\Anwar\Desktop\SBME 2024\YEAR 3 (2022-2023)\SEMESTER 2\Embedded Systems\Final Project\Code\VehicleDoorHandle_ControlUnit\Rcc" -I"../include" -I"../system/include" -I"../system/include/cmsis" -std=gnu11 -MMD -MP -MF"Button/Button.d" -MT"Button/Button.o" -c -o "Button/Button.o" "../Button/Button.c"
Finished building: ../Button/Button.c
 
Building target: VehicleDoorHandle_ControlUnit.elf
Invoking: GNU Arm Cross C++ Linker
arm-none-eabi-g++ -mcpu=cortex-m4 -mthumb -mfloat-abi=soft -O0 -fmessage-length=0 -fsigned-char -ffunction-sections -fdata-sections -ffreestanding -Wall -Wextra -g -T mem.ld -T libs.ld -T sections.ld -nostartfiles -Xlinker --gc-sections -L"../ldscripts" -Wl,-Map,"VehicleDoorHandle_ControlUnit.map" --specs=nano.specs -o "VehicleDoorHandle_ControlUnit.elf" ./system/src/newlib/assert.o ./system/src/newlib/cxx.o ./system/src/newlib/exit.o ./system/src/newlib/sbrk.o ./system/src/newlib/startup.o ./system/src/newlib/syscalls.o  ./system/src/diag/trace-impl.o ./system/src/diag/trace.o  ./system/src/cortexm/exception-handlers.o ./system/src/cortexm/initialize-hardware.o ./system/src/cortexm/reset-hardware.o  ./system/src/cmsis/system_stm32f4xx.o ./system/src/cmsis/vectors_stm32f401xe.o  ./src/main.o  ./Rcc/Rcc.o  ./Led/Led.o  ./Gpio/Gpio.o  ./Delay/Delay.o  ./Button/Button.o   
Finished building target: VehicleDoorHandle_ControlUnit.elf
 
Invoking: GNU Arm Cross Create Flash Image
arm-none-eabi-objcopy -O ihex "VehicleDoorHandle_ControlUnit.elf"  "VehicleDoorHandle_ControlUnit.hex"
Finished building: VehicleDoorHandle_ControlUnit.hex
 
Invoking: GNU Arm Cross Print Size
arm-none-eabi-size --format=berkeley "VehicleDoorHandle_ControlUnit.elf"
   text	   data	    bss	    dec	    hex	filename
   3586	     68	    260	   3914	    f4a	VehicleDoorHandle_ControlUnit.elf
Finished building: VehicleDoorHandle_ControlUnit.siz
 
22:07:15 **** Incremental Build of configuration Release for project VehicleDoorHandle_ControlUnit ****
make all 
Building file: ../src/main.c
Invoking: GNU Arm Cross C Compiler
arm-none-eabi-gcc -mcpu=cortex-m4 -mthumb -mfloat-abi=soft -O0 -fmessage-length=0 -fsigned-char -ffunction-sections -fdata-sections -ffreestanding -Wall -Wextra -g -DNDEBUG -DSTM32F401xE -DHSE_VALUE=8000000 -I"C:\Users\Anwar\Desktop\SBME 2024\YEAR 3 (2022-2023)\SEMESTER 2\Embedded Systems\Final Project\Code\VehicleDoorHandle_ControlUnit\Delay" -I"C:\Users\Anwar\Desktop\SBME 2024\YEAR 3 (2022-2023)\SEMESTER 2\Embedded Systems\Final Project\Code\VehicleDoorHandle_ControlUnit\Button" -I"C:\Users\Anwar\Desktop\SBME 2024\YEAR 3 (2022-2023)\SEMESTER 2\Embedded Systems\Final Project\Code\VehicleDoorHandle_ControlUnit\Led" -I"C:\Users\Anwar\Desktop\SBME 2024\YEAR 3 (2022-2023)\SEMESTER 2\Embedded Systems\Final Project\Code\VehicleDoorHandle_ControlUnit\Gpio" -I"C:\Users\Anwar\Desktop\SBME 2024\YEAR 3 (2022-2023)\SEMESTER 2\Embedded Systems\Final Project\Code\VehicleDoorHandle_ControlUnit\Lib" -I"C:\Users\Anwar\Desktop\SBME 2024\YEAR 3 (2022-2023)\SEMESTER 2\Embedded Systems\Final Project\Code\VehicleDoorHandle_ControlUnit\Rcc" -I"../include" -I"../system/include" -I"../system/include/cmsis" -std=gnu11 -MMD -MP -MF"src/main.d" -MT"src/main.o" -c -o "src/main.o" "../src/main.c"
../src/main.c: In function 'main':
../src/main.c:12:14: warning: unused parameter 'argc' [-Wunused-parameter]
   12 | int main(int argc, char **argv) {
      |          ~~~~^~~~
../src/main.c:12:27: warning: unused parameter 'argv' [-Wunused-parameter]
   12 | int main(int argc, char **argv) {
      |                    ~~~~~~~^~~~
Finished building: ../src/main.c
 
Building target: VehicleDoorHandle_ControlUnit.elf
Invoking: GNU Arm Cross C++ Linker
arm-none-eabi-g++ -mcpu=cortex-m4 -mthumb -mfloat-abi=soft -O0 -fmessage-length=0 -fsigned-char -ffunction-sections -fdata-sections -ffreestanding -Wall -Wextra -g -T mem.ld -T libs.ld -T sections.ld -nostartfiles -Xlinker --gc-sections -L"../ldscripts" -Wl,-Map,"VehicleDoorHandle_ControlUnit.map" --specs=nano.specs -o "VehicleDoorHandle_ControlUnit.elf" ./system/src/newlib/assert.o ./system/src/newlib/cxx.o ./system/src/newlib/exit.o ./system/src/newlib/sbrk.o ./system/src/newlib/startup.o ./system/src/newlib/syscalls.o  ./system/src/diag/trace-impl.o ./system/src/diag/trace.o  ./system/src/cortexm/exception-handlers.o ./system/src/cortexm/initialize-hardware.o ./system/src/cortexm/reset-hardware.o  ./system/src/cmsis/system_stm32f4xx.o ./system/src/cmsis/vectors_stm32f401xe.o  ./src/main.o  ./Rcc/Rcc.o  ./Led/Led.o  ./Gpio/Gpio.o  ./Delay/Delay.o  ./Button/Button.o   
Finished building target: VehicleDoorHandle_ControlUnit.elf
 
Invoking: GNU Arm Cross Create Flash Image
arm-none-eabi-objcopy -O ihex "VehicleDoorHandle_ControlUnit.elf"  "VehicleDoorHandle_ControlUnit.hex"
Finished building: VehicleDoorHandle_ControlUnit.hex
 
Invoking: GNU Arm Cross Print Size
arm-none-eabi-size --format=berkeley "VehicleDoorHandle_ControlUnit.elf"
   text	   data	    bss	    dec	    hex	filename
   3586	     68	    260	   3914	    f4a	VehicleDoorHandle_ControlUnit.elf
Finished building: VehicleDoorHandle_ControlUnit.siz
 
22:13:18 **** Incremental Build of configuration Release for project VehicleDoorHandle_ControlUnit ****
make all 
Building file: ../src/main.c
Invoking: GNU Arm Cross C Compiler
arm-none-eabi-gcc -mcpu=cortex-m4 -mthumb -mfloat-abi=soft -O0 -fmessage-length=0 -fsigned-char -ffunction-sections -fdata-sections -ffreestanding -Wall -Wextra -g -DNDEBUG -DSTM32F401xE -DHSE_VALUE=8000000 -I"C:\Users\Anwar\Desktop\SBME 2024\YEAR 3 (2022-2023)\SEMESTER 2\Embedded Systems\Final Project\Code\VehicleDoorHandle_ControlUnit\Delay" -I"C:\Users\Anwar\Desktop\SBME 2024\YEAR 3 (2022-2023)\SEMESTER 2\Embedded Systems\Final Project\Code\VehicleDoorHandle_ControlUnit\Button" -I"C:\Users\Anwar\Desktop\SBME 2024\YEAR 3 (2022-2023)\SEMESTER 2\Embedded Systems\Final Project\Code\VehicleDoorHandle_ControlUnit\Led" -I"C:\Users\Anwar\Desktop\SBME 2024\YEAR 3 (2022-2023)\SEMESTER 2\Embedded Systems\Final Project\Code\VehicleDoorHandle_ControlUnit\Gpio" -I"C:\Users\Anwar\Desktop\SBME 2024\YEAR 3 (2022-2023)\SEMESTER 2\Embedded Systems\Final Project\Code\VehicleDoorHandle_ControlUnit\Lib" -I"C:\Users\Anwar\Desktop\SBME 2024\YEAR 3 (2022-2023)\SEMESTER 2\Embedded Systems\Final Project\Code\VehicleDoorHandle_ControlUnit\Rcc" -I"../include" -I"../system/include" -I"../system/include/cmsis" -std=gnu11 -MMD -MP -MF"src/main.d" -MT"src/main.o" -c -o "src/main.o" "../src/main.c"
../src/main.c: In function 'main':
../src/main.c:12:14: warning: unused parameter 'argc' [-Wunused-parameter]
   12 | int main(int argc, char **argv) {
      |          ~~~~^~~~
../src/main.c:12:27: warning: unused parameter 'argv' [-Wunused-parameter]
   12 | int main(int argc, char **argv) {
      |                    ~~~~~~~^~~~
Finished building: ../src/main.c
 
Building target: VehicleDoorHandle_ControlUnit.elf
Invoking: GNU Arm Cross C++ Linker
arm-none-eabi-g++ -mcpu=cortex-m4 -mthumb -mfloat-abi=soft -O0 -fmessage-length=0 -fsigned-char -ffunction-sections -fdata-sections -ffreestanding -Wall -Wextra -g -T mem.ld -T libs.ld -T sections.ld -nostartfiles -Xlinker --gc-sections -L"../ldscripts" -Wl,-Map,"VehicleDoorHandle_ControlUnit.map" --specs=nano.specs -o "VehicleDoorHandle_ControlUnit.elf" ./system/src/newlib/assert.o ./system/src/newlib/cxx.o ./system/src/newlib/exit.o ./system/src/newlib/sbrk.o ./system/src/newlib/startup.o ./system/src/newlib/syscalls.o  ./system/src/diag/trace-impl.o ./system/src/diag/trace.o  ./system/src/cortexm/exception-handlers.o ./system/src/cortexm/initialize-hardware.o ./system/src/cortexm/reset-hardware.o  ./system/src/cmsis/system_stm32f4xx.o ./system/src/cmsis/vectors_stm32f401xe.o  ./src/main.o  ./Rcc/Rcc.o  ./Led/Led.o  ./Gpio/Gpio.o  ./Delay/Delay.o  ./Button/Button.o   
Finished building target: VehicleDoorHandle_ControlUnit.elf
 
Invoking: GNU Arm Cross Create Flash Image
arm-none-eabi-objcopy -O ihex "VehicleDoorHandle_ControlUnit.elf"  "VehicleDoorHandle_ControlUnit.hex"
Finished building: VehicleDoorHandle_ControlUnit.hex
 
Invoking: GNU Arm Cross Print Size
arm-none-eabi-size --format=berkeley "VehicleDoorHandle_ControlUnit.elf"
   text	   data	    bss	    dec	    hex	filename
   3586	     68	    260	   3914	    f4a	VehicleDoorHandle_ControlUnit.elf
Finished building: VehicleDoorHandle_ControlUnit.siz
 
22:13:42 **** Incremental Build of configuration Release for project VehicleDoorHandle_ControlUnit ****
make all 
Building file: ../src/main.c
Invoking: GNU Arm Cross C Compiler
arm-none-eabi-gcc -mcpu=cortex-m4 -mthumb -mfloat-abi=soft -O0 -fmessage-length=0 -fsigned-char -ffunction-sections -fdata-sections -ffreestanding -Wall -Wextra -g -DNDEBUG -DSTM32F401xE -DHSE_VALUE=8000000 -I"C:\Users\Anwar\Desktop\SBME 2024\YEAR 3 (2022-2023)\SEMESTER 2\Embedded Systems\Final Project\Code\VehicleDoorHandle_ControlUnit\Delay" -I"C:\Users\Anwar\Desktop\SBME 2024\YEAR 3 (2022-2023)\SEMESTER 2\Embedded Systems\Final Project\Code\VehicleDoorHandle_ControlUnit\Button" -I"C:\Users\Anwar\Desktop\SBME 2024\YEAR 3 (2022-2023)\SEMESTER 2\Embedded Systems\Final Project\Code\VehicleDoorHandle_ControlUnit\Led" -I"C:\Users\Anwar\Desktop\SBME 2024\YEAR 3 (2022-2023)\SEMESTER 2\Embedded Systems\Final Project\Code\VehicleDoorHandle_ControlUnit\Gpio" -I"C:\Users\Anwar\Desktop\SBME 2024\YEAR 3 (2022-2023)\SEMESTER 2\Embedded Systems\Final Project\Code\VehicleDoorHandle_ControlUnit\Lib" -I"C:\Users\Anwar\Desktop\SBME 2024\YEAR 3 (2022-2023)\SEMESTER 2\Embedded Systems\Final Project\Code\VehicleDoorHandle_ControlUnit\Rcc" -I"../include" -I"../system/include" -I"../system/include/cmsis" -std=gnu11 -MMD -MP -MF"src/main.d" -MT"src/main.o" -c -o "src/main.o" "../src/main.c"
../src/main.c: In function 'main':
../src/main.c:12:14: warning: unused parameter 'argc' [-Wunused-parameter]
   12 | int main(int argc, char **argv) {
      |          ~~~~^~~~
../src/main.c:12:27: warning: unused parameter 'argv' [-Wunused-parameter]
   12 | int main(int argc, char **argv) {
      |                    ~~~~~~~^~~~
Finished building: ../src/main.c
 
Building target: VehicleDoorHandle_ControlUnit.elf
Invoking: GNU Arm Cross C++ Linker
arm-none-eabi-g++ -mcpu=cortex-m4 -mthumb -mfloat-abi=soft -O0 -fmessage-length=0 -fsigned-char -ffunction-sections -fdata-sections -ffreestanding -Wall -Wextra -g -T mem.ld -T libs.ld -T sections.ld -nostartfiles -Xlinker --gc-sections -L"../ldscripts" -Wl,-Map,"VehicleDoorHandle_ControlUnit.map" --specs=nano.specs -o "VehicleDoorHandle_ControlUnit.elf" ./system/src/newlib/assert.o ./system/src/newlib/cxx.o ./system/src/newlib/exit.o ./system/src/newlib/sbrk.o ./system/src/newlib/startup.o ./system/src/newlib/syscalls.o  ./system/src/diag/trace-impl.o ./system/src/diag/trace.o  ./system/src/cortexm/exception-handlers.o ./system/src/cortexm/initialize-hardware.o ./system/src/cortexm/reset-hardware.o  ./system/src/cmsis/system_stm32f4xx.o ./system/src/cmsis/vectors_stm32f401xe.o  ./src/main.o  ./Rcc/Rcc.o  ./Led/Led.o  ./Gpio/Gpio.o  ./Delay/Delay.o  ./Button/Button.o   
Finished building target: VehicleDoorHandle_ControlUnit.elf
 
Invoking: GNU Arm Cross Create Flash Image
arm-none-eabi-objcopy -O ihex "VehicleDoorHandle_ControlUnit.elf"  "VehicleDoorHandle_ControlUnit.hex"
Finished building: VehicleDoorHandle_ControlUnit.hex
 
Invoking: GNU Arm Cross Print Size
arm-none-eabi-size --format=berkeley "VehicleDoorHandle_ControlUnit.elf"
   text	   data	    bss	    dec	    hex	filename
   3586	     68	    260	   3914	    f4a	VehicleDoorHandle_ControlUnit.elf
Finished building: VehicleDoorHandle_ControlUnit.siz
 
22:13:50 **** Incremental Build of configuration Release for project VehicleDoorHandle_ControlUnit ****
make all 
Building file: ../src/main.c
Invoking: GNU Arm Cross C Compiler
arm-none-eabi-gcc -mcpu=cortex-m4 -mthumb -mfloat-abi=soft -O0 -fmessage-length=0 -fsigned-char -ffunction-sections -fdata-sections -ffreestanding -Wall -Wextra -g -DNDEBUG -DSTM32F401xE -DHSE_VALUE=8000000 -I"C:\Users\Anwar\Desktop\SBME 2024\YEAR 3 (2022-2023)\SEMESTER 2\Embedded Systems\Final Project\Code\VehicleDoorHandle_ControlUnit\Delay" -I"C:\Users\Anwar\Desktop\SBME 2024\YEAR 3 (2022-2023)\SEMESTER 2\Embedded Systems\Final Project\Code\VehicleDoorHandle_ControlUnit\Button" -I"C:\Users\Anwar\Desktop\SBME 2024\YEAR 3 (2022-2023)\SEMESTER 2\Embedded Systems\Final Project\Code\VehicleDoorHandle_ControlUnit\Led" -I"C:\Users\Anwar\Desktop\SBME 2024\YEAR 3 (2022-2023)\SEMESTER 2\Embedded Systems\Final Project\Code\VehicleDoorHandle_ControlUnit\Gpio" -I"C:\Users\Anwar\Desktop\SBME 2024\YEAR 3 (2022-2023)\SEMESTER 2\Embedded Systems\Final Project\Code\VehicleDoorHandle_ControlUnit\Lib" -I"C:\Users\Anwar\Desktop\SBME 2024\YEAR 3 (2022-2023)\SEMESTER 2\Embedded Systems\Final Project\Code\VehicleDoorHandle_ControlUnit\Rcc" -I"../include" -I"../system/include" -I"../system/include/cmsis" -std=gnu11 -MMD -MP -MF"src/main.d" -MT"src/main.o" -c -o "src/main.o" "../src/main.c"
../src/main.c: In function 'main':
../src/main.c:12:14: warning: unused parameter 'argc' [-Wunused-parameter]
   12 | int main(int argc, char **argv) {
      |          ~~~~^~~~
../src/main.c:12:27: warning: unused parameter 'argv' [-Wunused-parameter]
   12 | int main(int argc, char **argv) {
      |                    ~~~~~~~^~~~
../src/main.c:28:1: warning: control reaches end of non-void function [-Wreturn-type]
   28 | }
      | ^
Finished building: ../src/main.c
 
Building target: VehicleDoorHandle_ControlUnit.elf
Invoking: GNU Arm Cross C++ Linker
arm-none-eabi-g++ -mcpu=cortex-m4 -mthumb -mfloat-abi=soft -O0 -fmessage-length=0 -fsigned-char -ffunction-sections -fdata-sections -ffreestanding -Wall -Wextra -g -T mem.ld -T libs.ld -T sections.ld -nostartfiles -Xlinker --gc-sections -L"../ldscripts" -Wl,-Map,"VehicleDoorHandle_ControlUnit.map" --specs=nano.specs -o "VehicleDoorHandle_ControlUnit.elf" ./system/src/newlib/assert.o ./system/src/newlib/cxx.o ./system/src/newlib/exit.o ./system/src/newlib/sbrk.o ./system/src/newlib/startup.o ./system/src/newlib/syscalls.o  ./system/src/diag/trace-impl.o ./system/src/diag/trace.o  ./system/src/cortexm/exception-handlers.o ./system/src/cortexm/initialize-hardware.o ./system/src/cortexm/reset-hardware.o  ./system/src/cmsis/system_stm32f4xx.o ./system/src/cmsis/vectors_stm32f401xe.o  ./src/main.o  ./Rcc/Rcc.o  ./Led/Led.o  ./Gpio/Gpio.o  ./Delay/Delay.o  ./Button/Button.o   
Finished building target: VehicleDoorHandle_ControlUnit.elf
 
Invoking: GNU Arm Cross Create Flash Image
arm-none-eabi-objcopy -O ihex "VehicleDoorHandle_ControlUnit.elf"  "VehicleDoorHandle_ControlUnit.hex"
Finished building: VehicleDoorHandle_ControlUnit.hex
 
Invoking: GNU Arm Cross Print Size
arm-none-eabi-size --format=berkeley "VehicleDoorHandle_ControlUnit.elf"
   text	   data	    bss	    dec	    hex	filename
   2058	     68	    260	   2386	    952	VehicleDoorHandle_ControlUnit.elf
Finished building: VehicleDoorHandle_ControlUnit.siz
 
22:15:55 **** Incremental Build of configuration Release for project VehicleDoorHandle_ControlUnit ****
make all 
Building file: ../src/main.c
Invoking: GNU Arm Cross C Compiler
arm-none-eabi-gcc -mcpu=cortex-m4 -mthumb -mfloat-abi=soft -O0 -fmessage-length=0 -fsigned-char -ffunction-sections -fdata-sections -ffreestanding -Wall -Wextra -g -DNDEBUG -DSTM32F401xE -DHSE_VALUE=8000000 -I"C:\Users\Anwar\Desktop\SBME 2024\YEAR 3 (2022-2023)\SEMESTER 2\Embedded Systems\Final Project\Code\VehicleDoorHandle_ControlUnit\Delay" -I"C:\Users\Anwar\Desktop\SBME 2024\YEAR 3 (2022-2023)\SEMESTER 2\Embedded Systems\Final Project\Code\VehicleDoorHandle_ControlUnit\Button" -I"C:\Users\Anwar\Desktop\SBME 2024\YEAR 3 (2022-2023)\SEMESTER 2\Embedded Systems\Final Project\Code\VehicleDoorHandle_ControlUnit\Led" -I"C:\Users\Anwar\Desktop\SBME 2024\YEAR 3 (2022-2023)\SEMESTER 2\Embedded Systems\Final Project\Code\VehicleDoorHandle_ControlUnit\Gpio" -I"C:\Users\Anwar\Desktop\SBME 2024\YEAR 3 (2022-2023)\SEMESTER 2\Embedded Systems\Final Project\Code\VehicleDoorHandle_ControlUnit\Lib" -I"C:\Users\Anwar\Desktop\SBME 2024\YEAR 3 (2022-2023)\SEMESTER 2\Embedded Systems\Final Project\Code\VehicleDoorHandle_ControlUnit\Rcc" -I"../include" -I"../system/include" -I"../system/include/cmsis" -std=gnu11 -MMD -MP -MF"src/main.d" -MT"src/main.o" -c -o "src/main.o" "../src/main.c"
../src/main.c: In function 'main':
../src/main.c:12:14: warning: unused parameter 'argc' [-Wunused-parameter]
   12 | int main(int argc, char **argv) {
      |          ~~~~^~~~
../src/main.c:12:27: warning: unused parameter 'argv' [-Wunused-parameter]
   12 | int main(int argc, char **argv) {
      |                    ~~~~~~~^~~~
../src/main.c:28:1: warning: control reaches end of non-void function [-Wreturn-type]
   28 | }
      | ^
Finished building: ../src/main.c
 
Building target: VehicleDoorHandle_ControlUnit.elf
Invoking: GNU Arm Cross C++ Linker
arm-none-eabi-g++ -mcpu=cortex-m4 -mthumb -mfloat-abi=soft -O0 -fmessage-length=0 -fsigned-char -ffunction-sections -fdata-sections -ffreestanding -Wall -Wextra -g -T mem.ld -T libs.ld -T sections.ld -nostartfiles -Xlinker --gc-sections -L"../ldscripts" -Wl,-Map,"VehicleDoorHandle_ControlUnit.map" --specs=nano.specs -o "VehicleDoorHandle_ControlUnit.elf" ./system/src/newlib/assert.o ./system/src/newlib/cxx.o ./system/src/newlib/exit.o ./system/src/newlib/sbrk.o ./system/src/newlib/startup.o ./system/src/newlib/syscalls.o  ./system/src/diag/trace-impl.o ./system/src/diag/trace.o  ./system/src/cortexm/exception-handlers.o ./system/src/cortexm/initialize-hardware.o ./system/src/cortexm/reset-hardware.o  ./system/src/cmsis/system_stm32f4xx.o ./system/src/cmsis/vectors_stm32f401xe.o  ./src/main.o  ./Rcc/Rcc.o  ./Led/Led.o  ./Gpio/Gpio.o  ./Delay/Delay.o  ./Button/Button.o   
Finished building target: VehicleDoorHandle_ControlUnit.elf
 
Invoking: GNU Arm Cross Create Flash Image
arm-none-eabi-objcopy -O ihex "VehicleDoorHandle_ControlUnit.elf"  "VehicleDoorHandle_ControlUnit.hex"
Finished building: VehicleDoorHandle_ControlUnit.hex
 
Invoking: GNU Arm Cross Print Size
arm-none-eabi-size --format=berkeley "VehicleDoorHandle_ControlUnit.elf"
   text	   data	    bss	    dec	    hex	filename
   2058	     68	    260	   2386	    952	VehicleDoorHandle_ControlUnit.elf
Finished building: VehicleDoorHandle_ControlUnit.siz
 
22:39:41 **** Incremental Build of configuration Release for project VehicleDoorHandle_ControlUnit ****
make all 
Building file: ../src/main.c
Invoking: GNU Arm Cross C Compiler
arm-none-eabi-gcc -mcpu=cortex-m4 -mthumb -mfloat-abi=soft -O0 -fmessage-length=0 -fsigned-char -ffunction-sections -fdata-sections -ffreestanding -Wall -Wextra -g -DNDEBUG -DSTM32F401xE -DHSE_VALUE=8000000 -I"C:\Users\Anwar\Desktop\SBME 2024\YEAR 3 (2022-2023)\SEMESTER 2\Embedded Systems\Final Project\Code\VehicleDoorHandle_ControlUnit\Delay" -I"C:\Users\Anwar\Desktop\SBME 2024\YEAR 3 (2022-2023)\SEMESTER 2\Embedded Systems\Final Project\Code\VehicleDoorHandle_ControlUnit\Button" -I"C:\Users\Anwar\Desktop\SBME 2024\YEAR 3 (2022-2023)\SEMESTER 2\Embedded Systems\Final Project\Code\VehicleDoorHandle_ControlUnit\Led" -I"C:\Users\Anwar\Desktop\SBME 2024\YEAR 3 (2022-2023)\SEMESTER 2\Embedded Systems\Final Project\Code\VehicleDoorHandle_ControlUnit\Gpio" -I"C:\Users\Anwar\Desktop\SBME 2024\YEAR 3 (2022-2023)\SEMESTER 2\Embedded Systems\Final Project\Code\VehicleDoorHandle_ControlUnit\Lib" -I"C:\Users\Anwar\Desktop\SBME 2024\YEAR 3 (2022-2023)\SEMESTER 2\Embedded Systems\Final Project\Code\VehicleDoorHandle_ControlUnit\Rcc" -I"../include" -I"../system/include" -I"../system/include/cmsis" -std=gnu11 -MMD -MP -MF"src/main.d" -MT"src/main.o" -c -o "src/main.o" "../src/main.c"
../src/main.c: In function 'main':
../src/main.c:12:14: warning: unused parameter 'argc' [-Wunused-parameter]
   12 | int main(int argc, char **argv) {
      |          ~~~~^~~~
../src/main.c:12:27: warning: unused parameter 'argv' [-Wunused-parameter]
   12 | int main(int argc, char **argv) {
      |                    ~~~~~~~^~~~
../src/main.c:28:1: warning: control reaches end of non-void function [-Wreturn-type]
   28 | }
      | ^
Finished building: ../src/main.c
 
Building file: ../Led/Led.c
Invoking: GNU Arm Cross C Compiler
[...]
Finished building: ../Button/Button.c
 
Building target: VehicleDoorHandle_ControlUnit.elf
Invoking: GNU Arm Cross C++ Linker
arm-none-eabi-g++ -mcpu=cortex-m4 -mthumb -mfloat-abi=soft -O0 -fmessage-length=0 -fsigned-char -ffunction-sections -fdata-sections -ffreestanding -Wall -Wextra -g -T mem.ld -T libs.ld -T sections.ld -nostartfiles -Xlinker --gc-sections -L"../ldscripts" -Wl,-Map,"VehicleDoorHandle_ControlUnit.map" --specs=nano.specs -o "VehicleDoorHandle_ControlUnit.elf" ./system/src/newlib/assert.o ./system/src/newlib/cxx.o ./system/src/newlib/exit.o ./system/src/newlib/sbrk.o ./system/src/newlib/startup.o ./system/src/newlib/syscalls.o  ./system/src/diag/trace-impl.o ./system/src/diag/trace.o  ./system/src/cortexm/exception-handlers.o ./system/src/cortexm/initialize-hardware.o ./system/src/cortexm/reset-hardware.o  ./system/src/cmsis/system_stm32f4xx.o ./system/src/cmsis/vectors_stm32f401xe.o  ./src/main.o  ./Rcc/Rcc.o  ./Led/Led.o  ./Gpio/Gpio.o  ./Delay/Delay.o  ./Button/Button.o   
Finished building target: VehicleDoorHandle_ControlUnit.elf
 
Invoking: GNU Arm Cross Create Flash Image
arm-none-eabi-objcopy -O ihex "VehicleDoorHandle_ControlUnit.elf"  "VehicleDoorHandle_ControlUnit.hex"
Finished building: VehicleDoorHandle_ControlUnit.hex
 
Invoking: GNU Arm Cross Print Size
arm-none-eabi-size --format=berkeley "VehicleDoorHandle_ControlUnit.elf"
   text	   data	    bss	    dec	    hex	filename
   3818	     68	    260	   4146	   1032	VehicleDoorHandle_ControlUnit.elf
Finished building: VehicleDoorHandle_ControlUnit.siz
 
04:25:10 **** Incremental Build of configuration Release for project VehicleDoorHandle_ControlUnit ****
make all 
Building file: ../src/VehicleDoorHandle.c
Invoking: GNU Arm Cross C Compiler
arm-none-eabi-gcc -mcpu=cortex-m4 -mthumb -mfloat-abi=soft -O0 -fmessage-length=0 -fsigned-char -ffunction-sections -fdata-sections -ffreestanding -Wall -Wextra -g -DNDEBUG -DSTM32F401xE -DHSE_VALUE=8000000 -I"C:\Users\Anwar\Desktop\SBME 2024\YEAR 3 (2022-2023)\SEMESTER 2\Embedded Systems\Final Project\Code\VehicleDoorHandle_ControlUnit\Delay" -I"C:\Users\Anwar\Desktop\SBME 2024\YEAR 3 (2022-2023)\SEMESTER 2\Embedded Systems\Final Project\Code\VehicleDoorHandle_ControlUnit\Button" -I"C:\Users\Anwar\Desktop\SBME 2024\YEAR 3 (2022-2023)\SEMESTER 2\Embedded Systems\Final Project\Code\VehicleDoorHandle_ControlUnit\Led" -I"C:\Users\Anwar\Desktop\SBME 2024\YEAR 3 (2022-2023)\SEMESTER 2\Embedded Systems\Final Project\Code\VehicleDoorHandle_ControlUnit\Gpio" -I"C:\Users\Anwar\Desktop\SBME 2024\YEAR 3 (2022-2023)\SEMESTER 2\Embedded Systems\Final Project\Code\VehicleDoorHandle_ControlUnit\Lib" -I"C:\Users\Anwar\Desktop\SBME 2024\YEAR 3 (2022-2023)\SEMESTER 2\Embedded Systems\Final Project\Code\VehicleDoorHandle_ControlUnit\Rcc" -I"../include" -I"../system/include" -I"../system/include/cmsis" -std=gnu11 -MMD -MP -MF"src/VehicleDoorHandle.d" -MT"src/VehicleDoorHandle.o" -c -o "src/VehicleDoorHandle.o" "../src/VehicleDoorHandle.c"
Finished building: ../src/VehicleDoorHandle.c
 
Building file: ../src/main.c
Invoking: GNU Arm Cross C Compiler
arm-none-eabi-gcc -mcpu=cortex-m4 -mthumb -mfloat-abi=soft -O0 -fmessage-length=0 -fsigned-char -ffunction-sections -fdata-sections -ffreestanding -Wall -Wextra -g -DNDEBUG -DSTM32F401xE -DHSE_VALUE=8000000 -I"C:\Users\Anwar\Desktop\SBME 2024\YEAR 3 (2022-2023)\SEMESTER 2\Embedded Systems\Final Project\Code\VehicleDoorHandle_ControlUnit\Delay" -I"C:\Users\Anwar\Desktop\SBME 2024\YEAR 3 (2022-2023)\SEMESTER 2\Embedded Systems\Final Project\Code\VehicleDoorHandle_ControlUnit\Button" -I"C:\Users\Anwar\Desktop\SBME 2024\YEAR 3 (2022-2023)\SEMESTER 2\Embedded Systems\Final Project\Code\VehicleDoorHandle_ControlUnit\Led" -I"C:\Users\Anwar\Desktop\SBME 2024\YEAR 3 (2022-2023)\SEMESTER 2\Embedded Systems\Final Project\Code\VehicleDoorHandle_ControlUnit\Gpio" -I"C:\Users\Anwar\Desktop\SBME 2024\YEAR 3 (2022-2023)\SEMESTER 2\Embedded Systems\Final Project\Code\VehicleDoorHandle_ControlUnit\Lib" -I"C:\Users\Anwar\Desktop\SBME 2024\YEAR 3 (2022-2023)\SEMESTER 2\Embedded Systems\Final Project\Code\VehicleDoorHandle_ControlUnit\Rcc" -I"../include" -I"../system/include" -I"../system/include/cmsis" -std=gnu11 -MMD -MP -MF"src/main.d" -MT"src/main.o" -c -o "src/main.o" "../src/main.c"
../src/main.c: In function 'main':
../src/main.c:10:14: warning: unused parameter 'argc' [-Wunused-parameter]
   10 | int main(int argc, char **argv) {
      |          ~~~~^~~~
../src/main.c:10:27: warning: unused parameter 'argv' [-Wunused-parameter]
   10 | int main(int argc, char **argv) {
      |                    ~~~~~~~^~~~
Finished building: ../src/main.c
 
Building target: VehicleDoorHandle_ControlUnit.elf
Invoking: GNU Arm Cross C++ Linker
arm-none-eabi-g++ -mcpu=cortex-m4 -mthumb -mfloat-abi=soft -O0 -fmessage-length=0 -fsigned-char -ffunction-sections -fdata-sections -ffreestanding -Wall -Wextra -g -T mem.ld -T libs.ld -T sections.ld -nostartfiles -Xlinker --gc-sections -L"../ldscripts" -Wl,-Map,"VehicleDoorHandle_ControlUnit.map" --specs=nano.specs -o "VehicleDoorHandle_ControlUnit.elf" ./system/src/newlib/assert.o ./system/src/newlib/cxx.o ./system/src/newlib/exit.o ./system/src/newlib/sbrk.o ./system/src/newlib/startup.o ./system/src/newlib/syscalls.o  ./system/src/diag/trace-impl.o ./system/src/diag/trace.o  ./system/src/cortexm/exception-handlers.o ./system/src/cortexm/initialize-hardware.o ./system/src/cortexm/reset-hardware.o  ./system/src/cmsis/system_stm32f4xx.o ./system/src/cmsis/vectors_stm32f401xe.o  ./src/VehicleDoorHandle.o ./src/main.o  ./Rcc/Rcc.o  ./Led/Led.o  ./Gpio/Gpio.o  ./Delay/Delay.o  ./Button/Button.o   
Finished building target: VehicleDoorHandle_ControlUnit.elf
 
Invoking: GNU Arm Cross Create Flash Image
arm-none-eabi-objcopy -O ihex "VehicleDoorHandle_ControlUnit.elf"  "VehicleDoorHandle_ControlUnit.hex"
Finished building: VehicleDoorHandle_ControlUnit.hex
 
Invoking: GNU Arm Cross Print Size
arm-none-eabi-size --format=berkeley "VehicleDoorHandle_ControlUnit.elf"
   text	   data	    bss	    dec	    hex	filename
   3862	     68	    260	   4190	   105e	VehicleDoorHandle_ControlUnit.elf
Finished building: VehicleDoorHandle_ControlUnit.siz
 
04:25:48 **** Incremental Build of configuration Release for project VehicleDoorHandle_ControlUnit ****
make all 
Building file: ../src/main.c
Invoking: GNU Arm Cross C Compiler
arm-none-eabi-gcc -mcpu=cortex-m4 -mthumb -mfloat-abi=soft -O0 -fmessage-length=0 -fsigned-char -ffunction-sections -fdata-sections -ffreestanding -Wall -Wextra -g -DNDEBUG -DSTM32F401xE -DHSE_VALUE=8000000 -I"C:\Users\Anwar\Desktop\SBME 2024\YEAR 3 (2022-2023)\SEMESTER 2\Embedded Systems\Final Project\Code\VehicleDoorHandle_ControlUnit\Delay" -I"C:\Users\Anwar\Desktop\SBME 2024\YEAR 3 (2022-2023)\SEMESTER 2\Embedded Systems\Final Project\Code\VehicleDoorHandle_ControlUnit\Button" -I"C:\Users\Anwar\Desktop\SBME 2024\YEAR 3 (2022-2023)\SEMESTER 2\Embedded Systems\Final Project\Code\VehicleDoorHandle_ControlUnit\Led" -I"C:\Users\Anwar\Desktop\SBME 2024\YEAR 3 (2022-2023)\SEMESTER 2\Embedded Systems\Final Project\Code\VehicleDoorHandle_ControlUnit\Gpio" -I"C:\Users\Anwar\Desktop\SBME 2024\YEAR 3 (2022-2023)\SEMESTER 2\Embedded Systems\Final Project\Code\VehicleDoorHandle_ControlUnit\Lib" -I"C:\Users\Anwar\Desktop\SBME 2024\YEAR 3 (2022-2023)\SEMESTER 2\Embedded Systems\Final Project\Code\VehicleDoorHandle_ControlUnit\Rcc" -I"../include" -I"../system/include" -I"../system/include/cmsis" -std=gnu11 -MMD -MP -MF"src/main.d" -MT"src/main.o" -c -o "src/main.o" "../src/main.c"
../src/main.c: In function 'main':
../src/main.c:10:14: warning: unused parameter 'argc' [-Wunused-parameter]
   10 | int main(int argc, char **argv) {
      |          ~~~~^~~~
../src/main.c:10:27: warning: unused parameter 'argv' [-Wunused-parameter]
   10 | int main(int argc, char **argv) {
      |                    ~~~~~~~^~~~
Finished building: ../src/main.c
 
Building target: VehicleDoorHandle_ControlUnit.elf
Invoking: GNU Arm Cross C++ Linker
arm-none-eabi-g++ -mcpu=cortex-m4 -mthumb -mfloat-abi=soft -O0 -fmessage-length=0 -fsigned-char -ffunction-sections -fdata-sections -ffreestanding -Wall -Wextra -g -T mem.ld -T libs.ld -T sections.ld -nostartfiles -Xlinker --gc-sections -L"../ldscripts" -Wl,-Map,"VehicleDoorHandle_ControlUnit.map" --specs=nano.specs -o "VehicleDoorHandle_ControlUnit.elf" ./system/src/newlib/assert.o ./system/src/newlib/cxx.o ./system/src/newlib/exit.o ./system/src/newlib/sbrk.o ./system/src/newlib/startup.o ./system/src/newlib/syscalls.o  ./system/src/diag/trace-impl.o ./system/src/diag/trace.o  ./system/src/cortexm/exception-handlers.o ./system/src/cortexm/initialize-hardware.o ./system/src/cortexm/reset-hardware.o  ./system/src/cmsis/system_stm32f4xx.o ./system/src/cmsis/vectors_stm32f401xe.o  ./src/VehicleDoorHandle.o ./src/main.o  ./Rcc/Rcc.o  ./Led/Led.o  ./Gpio/Gpio.o  ./Delay/Delay.o  ./Button/Button.o   
Finished building target: VehicleDoorHandle_ControlUnit.elf
 
Invoking: GNU Arm Cross Create Flash Image
arm-none-eabi-objcopy -O ihex "VehicleDoorHandle_ControlUnit.elf"  "VehicleDoorHandle_ControlUnit.hex"
Finished building: VehicleDoorHandle_ControlUnit.hex
 
Invoking: GNU Arm Cross Print Size
arm-none-eabi-size --format=berkeley "VehicleDoorHandle_ControlUnit.elf"
   text	   data	    bss	    dec	    hex	filename
   3862	     68	    260	   4190	   105e	VehicleDoorHandle_ControlUnit.elf
Finished building: VehicleDoorHandle_ControlUnit.siz
 
04:40:25 **** Incremental Build of configuration Release for project VehicleDoorHandle_ControlUnit ****
make all 
Building file: ../src/VehicleDoorHandle.c
Invoking: GNU Arm Cross C Compiler
arm-none-eabi-gcc -mcpu=cortex-m4 -mthumb -mfloat-abi=soft -O0 -fmessage-length=0 -fsigned-char -ffunction-sections -fdata-sections -ffreestanding -Wall -Wextra -g -DNDEBUG -DSTM32F401xE -DHSE_VALUE=8000000 -I"C:\Users\Anwar\Desktop\SBME 2024\YEAR 3 (2022-2023)\SEMESTER 2\Embedded Systems\Final Project\Code\VehicleDoorHandle_ControlUnit\Delay" -I"C:\Users\Anwar\Desktop\SBME 2024\YEAR 3 (2022-2023)\SEMESTER 2\Embedded Systems\Final Project\Code\VehicleDoorHandle_ControlUnit\Button" -I"C:\Users\Anwar\Desktop\SBME 2024\YEAR 3 (2022-2023)\SEMESTER 2\Embedded Systems\Final Project\Code\VehicleDoorHandle_ControlUnit\Led" -I"C:\Users\Anwar\Desktop\SBME 2024\YEAR 3 (2022-2023)\SEMESTER 2\Embedded Systems\Final Project\Code\VehicleDoorHandle_ControlUnit\Gpio" -I"C:\Users\Anwar\Desktop\SBME 2024\YEAR 3 (2022-2023)\SEMESTER 2\Embedded Systems\Final Project\Code\VehicleDoorHandle_ControlUnit\Lib" -I"C:\Users\Anwar\Desktop\SBME 2024\YEAR 3 (2022-2023)\SEMESTER 2\Embedded Systems\Final Project\Code\VehicleDoorHandle_ControlUnit\Rcc" -I"../include" -I"../system/include" -I"../system/include/cmsis" -std=gnu11 -MMD -MP -MF"src/VehicleDoorHandle.d" -MT"src/VehicleDoorHandle.o" -c -o "src/VehicleDoorHandle.o" "../src/VehicleDoorHandle.c"
Finished building: ../src/VehicleDoorHandle.c
 
Building file: ../src/main.c
Invoking: GNU Arm Cross C Compiler
arm-none-eabi-gcc -mcpu=cortex-m4 -mthumb -mfloat-abi=soft -O0 -fmessage-length=0 -fsigned-char -ffunction-sections -fdata-sections -ffreestanding -Wall -Wextra -g -DNDEBUG -DSTM32F401xE -DHSE_VALUE=8000000 -I"C:\Users\Anwar\Desktop\SBME 2024\YEAR 3 (2022-2023)\SEMESTER 2\Embedded Systems\Final Project\Code\VehicleDoorHandle_ControlUnit\Delay" -I"C:\Users\Anwar\Desktop\SBME 2024\YEAR 3 (2022-2023)\SEMESTER 2\Embedded Systems\Final Project\Code\VehicleDoorHandle_ControlUnit\Button" -I"C:\Users\Anwar\Desktop\SBME 2024\YEAR 3 (2022-2023)\SEMESTER 2\Embedded Systems\Final Project\Code\VehicleDoorHandle_ControlUnit\Led" -I"C:\Users\Anwar\Desktop\SBME 2024\YEAR 3 (2022-2023)\SEMESTER 2\Embedded Systems\Final Project\Code\VehicleDoorHandle_ControlUnit\Gpio" -I"C:\Users\Anwar\Desktop\SBME 2024\YEAR 3 (2022-2023)\SEMESTER 2\Embedded Systems\Final Project\Code\VehicleDoorHandle_ControlUnit\Lib" -I"C:\Users\Anwar\Desktop\SBME 2024\YEAR 3 (2022-2023)\SEMESTER 2\Embedded Systems\Final Project\Code\VehicleDoorHandle_ControlUnit\Rcc" -I"../include" -I"../system/include" -I"../system/include/cmsis" -std=gnu11 -MMD -MP -MF"src/main.d" -MT"src/main.o" -c -o "src/main.o" "../src/main.c"
../src/main.c: In function 'main':
../src/main.c:21:4: error: 'ledState2' undeclared (first use in this function)
   21 |    ledState2 = !ledState2;
      |    ^~~~~~~~~
../src/main.c:21:4: note: each undeclared identifier is reported only once for each function it appears in
../src/main.c:10:14: warning: unused parameter 'argc' [-Wunused-parameter]
   10 | int main(int argc, char **argv) {
      |          ~~~~^~~~
../src/main.c:10:27: warning: unused parameter 'argv' [-Wunused-parameter]
   10 | int main(int argc, char **argv) {
      |                    ~~~~~~~^~~~
make: *** [src/subdir.mk:23: src/main.o] Error 1
"make all" terminated with exit code 2. Build might be incomplete.
04:41:00 **** Incremental Build of configuration Release for project VehicleDoorHandle_ControlUnit ****
make all 
Building file: ../src/main.c
Invoking: GNU Arm Cross C Compiler
arm-none-eabi-gcc -mcpu=cortex-m4 -mthumb -mfloat-abi=soft -O0 -fmessage-length=0 -fsigned-char -ffunction-sections -fdata-sections -ffreestanding -Wall -Wextra -g -DNDEBUG -DSTM32F401xE -DHSE_VALUE=8000000 -I"C:\Users\Anwar\Desktop\SBME 2024\YEAR 3 (2022-2023)\SEMESTER 2\Embedded Systems\Final Project\Code\VehicleDoorHandle_ControlUnit\Delay" -I"C:\Users\Anwar\Desktop\SBME 2024\YEAR 3 (2022-2023)\SEMESTER 2\Embedded Systems\Final Project\Code\VehicleDoorHandle_ControlUnit\Button" -I"C:\Users\Anwar\Desktop\SBME 2024\YEAR 3 (2022-2023)\SEMESTER 2\Embedded Systems\Final Project\Code\VehicleDoorHandle_ControlUnit\Led" -I"C:\Users\Anwar\Desktop\SBME 2024\YEAR 3 (2022-2023)\SEMESTER 2\Embedded Systems\Final Project\Code\VehicleDoorHandle_ControlUnit\Gpio" -I"C:\Users\Anwar\Desktop\SBME 2024\YEAR 3 (2022-2023)\SEMESTER 2\Embedded Systems\Final Project\Code\VehicleDoorHandle_ControlUnit\Lib" -I"C:\Users\Anwar\Desktop\SBME 2024\YEAR 3 (2022-2023)\SEMESTER 2\Embedded Systems\Final Project\Code\VehicleDoorHandle_ControlUnit\Rcc" -I"../include" -I"../system/include" -I"../system/include/cmsis" -std=gnu11 -MMD -MP -MF"src/main.d" -MT"src/main.o" -c -o "src/main.o" "../src/main.c"
../src/main.c: In function 'main':
../src/main.c:10:14: warning: unused parameter 'argc' [-Wunused-parameter]
   10 | int main(int argc, char **argv) {
      |          ~~~~^~~~
../src/main.c:10:27: warning: unused parameter 'argv' [-Wunused-parameter]
   10 | int main(int argc, char **argv) {
      |                    ~~~~~~~^~~~
Finished building: ../src/main.c
 
Building target: VehicleDoorHandle_ControlUnit.elf
Invoking: GNU Arm Cross C++ Linker
arm-none-eabi-g++ -mcpu=cortex-m4 -mthumb -mfloat-abi=soft -O0 -fmessage-length=0 -fsigned-char -ffunction-sections -fdata-sections -ffreestanding -Wall -Wextra -g -T mem.ld -T libs.ld -T sections.ld -nostartfiles -Xlinker --gc-sections -L"../ldscripts" -Wl,-Map,"VehicleDoorHandle_ControlUnit.map" --specs=nano.specs -o "VehicleDoorHandle_ControlUnit.elf" ./system/src/newlib/assert.o ./system/src/newlib/cxx.o ./system/src/newlib/exit.o ./system/src/newlib/sbrk.o ./system/src/newlib/startup.o ./system/src/newlib/syscalls.o  ./system/src/diag/trace-impl.o ./system/src/diag/trace.o  ./system/src/cortexm/exception-handlers.o ./system/src/cortexm/initialize-hardware.o ./system/src/cortexm/reset-hardware.o  ./system/src/cmsis/system_stm32f4xx.o ./system/src/cmsis/vectors_stm32f401xe.o  ./src/VehicleDoorHandle.o ./src/main.o  ./Rcc/Rcc.o  ./Led/Led.o  ./Gpio/Gpio.o  ./Delay/Delay.o  ./Button/Button.o   
Finished building target: VehicleDoorHandle_ControlUnit.elf
 
Invoking: GNU Arm Cross Create Flash Image
arm-none-eabi-objcopy -O ihex "VehicleDoorHandle_ControlUnit.elf"  "VehicleDoorHandle_ControlUnit.hex"
Finished building: VehicleDoorHandle_ControlUnit.hex
 
Invoking: GNU Arm Cross Print Size
arm-none-eabi-size --format=berkeley "VehicleDoorHandle_ControlUnit.elf"
   text	   data	    bss	    dec	    hex	filename
   3862	     68	    260	   4190	   105e	VehicleDoorHandle_ControlUnit.elf
Finished building: VehicleDoorHandle_ControlUnit.siz
 
04:42:16 **** Incremental Build of configuration Release for project VehicleDoorHandle_ControlUnit ****
make all 
Building file: ../src/VehicleDoorHandle.c
Invoking: GNU Arm Cross C Compiler
arm-none-eabi-gcc -mcpu=cortex-m4 -mthumb -mfloat-abi=soft -O0 -fmessage-length=0 -fsigned-char -ffunction-sections -fdata-sections -ffreestanding -Wall -Wextra -g -DNDEBUG -DSTM32F401xE -DHSE_VALUE=8000000 -I"C:\Users\Anwar\Desktop\SBME 2024\YEAR 3 (2022-2023)\SEMESTER 2\Embedded Systems\Final Project\Code\VehicleDoorHandle_ControlUnit\Delay" -I"C:\Users\Anwar\Desktop\SBME 2024\YEAR 3 (2022-2023)\SEMESTER 2\Embedded Systems\Final Project\Code\VehicleDoorHandle_ControlUnit\Button" -I"C:\Users\Anwar\Desktop\SBME 2024\YEAR 3 (2022-2023)\SEMESTER 2\Embedded Systems\Final Project\Code\VehicleDoorHandle_ControlUnit\Led" -I"C:\Users\Anwar\Desktop\SBME 2024\YEAR 3 (2022-2023)\SEMESTER 2\Embedded Systems\Final Project\Code\VehicleDoorHandle_ControlUnit\Gpio" -I"C:\Users\Anwar\Desktop\SBME 2024\YEAR 3 (2022-2023)\SEMESTER 2\Embedded Systems\Final Project\Code\VehicleDoorHandle_ControlUnit\Lib" -I"C:\Users\Anwar\Desktop\SBME 2024\YEAR 3 (2022-2023)\SEMESTER 2\Embedded Systems\Final Project\Code\VehicleDoorHandle_ControlUnit\Rcc" -I"../include" -I"../system/include" -I"../system/include/cmsis" -std=gnu11 -MMD -MP -MF"src/VehicleDoorHandle.d" -MT"src/VehicleDoorHandle.o" -c -o "src/VehicleDoorHandle.o" "../src/VehicleDoorHandle.c"
Finished building: ../src/VehicleDoorHandle.c
 
Building target: VehicleDoorHandle_ControlUnit.elf
Invoking: GNU Arm Cross C++ Linker
arm-none-eabi-g++ -mcpu=cortex-m4 -mthumb -mfloat-abi=soft -O0 -fmessage-length=0 -fsigned-char -ffunction-sections -fdata-sections -ffreestanding -Wall -Wextra -g -T mem.ld -T libs.ld -T sections.ld -nostartfiles -Xlinker --gc-sections -L"../ldscripts" -Wl,-Map,"VehicleDoorHandle_ControlUnit.map" --specs=nano.specs -o "VehicleDoorHandle_ControlUnit.elf" ./system/src/newlib/assert.o ./system/src/newlib/cxx.o ./system/src/newlib/exit.o ./system/src/newlib/sbrk.o ./system/src/newlib/startup.o ./system/src/newlib/syscalls.o  ./system/src/diag/trace-impl.o ./system/src/diag/trace.o  ./system/src/cortexm/exception-handlers.o ./system/src/cortexm/initialize-hardware.o ./system/src/cortexm/reset-hardware.o  ./system/src/cmsis/system_stm32f4xx.o ./system/src/cmsis/vectors_stm32f401xe.o  ./src/VehicleDoorHandle.o ./src/main.o  ./Rcc/Rcc.o  ./Led/Led.o  ./Gpio/Gpio.o  ./Delay/Delay.o  ./Button/Button.o   
Finished building target: VehicleDoorHandle_ControlUnit.elf
 
Invoking: GNU Arm Cross Create Flash Image
arm-none-eabi-objcopy -O ihex "VehicleDoorHandle_ControlUnit.elf"  "VehicleDoorHandle_ControlUnit.hex"
Finished building: VehicleDoorHandle_ControlUnit.hex
 
Invoking: GNU Arm Cross Print Size
arm-none-eabi-size --format=berkeley "VehicleDoorHandle_ControlUnit.elf"
   text	   data	    bss	    dec	    hex	filename
   3890	     68	    260	   4218	   107a	VehicleDoorHandle_ControlUnit.elf
Finished building: VehicleDoorHandle_ControlUnit.siz
 
